Archive member included to satisfy reference by file (symbol)

/usr/lib/gcc/arm-none-eabi/12.2.1/thumb/v6-m/nofp/libgcc.a(_dvmd_tls.o)
                              CMakeFiles/ssd1306_tcp_test.dir/root/pico/pico-sdk/src/rp2_common/pico_divider/divider_hardware.S.o (__aeabi_idiv0)
/usr/lib/gcc/arm-none-eabi/12.2.1/../../../arm-none-eabi/lib/thumb/v6-m/nofp/libg.a(lib_a-atexit.o)
                              /usr/lib/gcc/arm-none-eabi/12.2.1/../../../arm-none-eabi/lib/thumb/v6-m/nofp/crt0.o (atexit)
/usr/lib/gcc/arm-none-eabi/12.2.1/../../../arm-none-eabi/lib/thumb/v6-m/nofp/libg.a(lib_a-atoi.o)
                              CMakeFiles/ssd1306_tcp_test.dir/root/pico/pico-sdk/lib/lwip/src/core/netif.c.o (atoi)
/usr/lib/gcc/arm-none-eabi/12.2.1/../../../arm-none-eabi/lib/thumb/v6-m/nofp/libg.a(lib_a-calloc.o)
                              CMakeFiles/ssd1306_tcp_test.dir/root/pico/pico-sdk/src/rp2_common/pico_malloc/malloc.c.o (calloc)
/usr/lib/gcc/arm-none-eabi/12.2.1/../../../arm-none-eabi/lib/thumb/v6-m/nofp/libg.a(lib_a-callocr.o)
                              /usr/lib/gcc/arm-none-eabi/12.2.1/../../../arm-none-eabi/lib/thumb/v6-m/nofp/libg.a(lib_a-calloc.o) (_calloc_r)
/usr/lib/gcc/arm-none-eabi/12.2.1/../../../arm-none-eabi/lib/thumb/v6-m/nofp/libg.a(lib_a-ctype_.o)
                              CMakeFiles/ssd1306_tcp_test.dir/root/pico/pico-sdk/lib/lwip/src/core/dns.c.o (_ctype_)
/usr/lib/gcc/arm-none-eabi/12.2.1/../../../arm-none-eabi/lib/thumb/v6-m/nofp/libg.a(lib_a-fini.o)
                              /usr/lib/gcc/arm-none-eabi/12.2.1/../../../arm-none-eabi/lib/thumb/v6-m/nofp/crt0.o (__libc_fini_array)
/usr/lib/gcc/arm-none-eabi/12.2.1/../../../arm-none-eabi/lib/thumb/v6-m/nofp/libg.a(lib_a-impure.o)
                              /usr/lib/gcc/arm-none-eabi/12.2.1/../../../arm-none-eabi/lib/thumb/v6-m/nofp/libg.a(lib_a-calloc.o) (_impure_ptr)
/usr/lib/gcc/arm-none-eabi/12.2.1/../../../arm-none-eabi/lib/thumb/v6-m/nofp/libg.a(lib_a-init.o)
                              /usr/lib/gcc/arm-none-eabi/12.2.1/../../../arm-none-eabi/lib/thumb/v6-m/nofp/crt0.o (__libc_init_array)
/usr/lib/gcc/arm-none-eabi/12.2.1/../../../arm-none-eabi/lib/thumb/v6-m/nofp/libg.a(lib_a-lcltime_r.o)
                              CMakeFiles/ssd1306_tcp_test.dir/root/pico/pico-sdk/src/common/pico_util/datetime.c.o (localtime_r)
/usr/lib/gcc/arm-none-eabi/12.2.1/../../../arm-none-eabi/lib/thumb/v6-m/nofp/libg.a(lib_a-malloc.o)
                              CMakeFiles/ssd1306_tcp_test.dir/root/pico/pico-sdk/src/rp2_common/pico_malloc/malloc.c.o (malloc)
/usr/lib/gcc/arm-none-eabi/12.2.1/../../../arm-none-eabi/lib/thumb/v6-m/nofp/libg.a(lib_a-mallocr.o)
                              /usr/lib/gcc/arm-none-eabi/12.2.1/../../../arm-none-eabi/lib/thumb/v6-m/nofp/libg.a(lib_a-callocr.o) (_malloc_r)
/usr/lib/gcc/arm-none-eabi/12.2.1/../../../arm-none-eabi/lib/thumb/v6-m/nofp/libg.a(lib_a-memcmp.o)
                              CMakeFiles/ssd1306_tcp_test.dir/root/pico/pico-sdk/lib/lwip/src/netif/ethernet.c.o (memcmp)
/usr/lib/gcc/arm-none-eabi/12.2.1/../../../arm-none-eabi/lib/thumb/v6-m/nofp/libg.a(lib_a-memmove.o)
                              CMakeFiles/ssd1306_tcp_test.dir/root/pico/pico-sdk/lib/lwip/src/core/def.c.o (memmove)
/usr/lib/gcc/arm-none-eabi/12.2.1/../../../arm-none-eabi/lib/thumb/v6-m/nofp/libg.a(lib_a-mktime.o)
                              CMakeFiles/ssd1306_tcp_test.dir/root/pico/pico-sdk/src/common/pico_util/datetime.c.o (mktime)
/usr/lib/gcc/arm-none-eabi/12.2.1/../../../arm-none-eabi/lib/thumb/v6-m/nofp/libg.a(lib_a-mlock.o)
                              /usr/lib/gcc/arm-none-eabi/12.2.1/../../../arm-none-eabi/lib/thumb/v6-m/nofp/libg.a(lib_a-mallocr.o) (__malloc_lock)
/usr/lib/gcc/arm-none-eabi/12.2.1/../../../arm-none-eabi/lib/thumb/v6-m/nofp/libg.a(lib_a-month_lengths.o)
                              /usr/lib/gcc/arm-none-eabi/12.2.1/../../../arm-none-eabi/lib/thumb/v6-m/nofp/libg.a(lib_a-lcltime_r.o) (__month_lengths)
/usr/lib/gcc/arm-none-eabi/12.2.1/../../../arm-none-eabi/lib/thumb/v6-m/nofp/libg.a(lib_a-realloc.o)
                              CMakeFiles/ssd1306_tcp_test.dir/root/pico/pico-sdk/src/rp2_common/pico_malloc/malloc.c.o (realloc)
/usr/lib/gcc/arm-none-eabi/12.2.1/../../../arm-none-eabi/lib/thumb/v6-m/nofp/libg.a(lib_a-reallocr.o)
                              /usr/lib/gcc/arm-none-eabi/12.2.1/../../../arm-none-eabi/lib/thumb/v6-m/nofp/libg.a(lib_a-realloc.o) (_realloc_r)
/usr/lib/gcc/arm-none-eabi/12.2.1/../../../arm-none-eabi/lib/thumb/v6-m/nofp/libg.a(lib_a-sbrkr.o)
                              /usr/lib/gcc/arm-none-eabi/12.2.1/../../../arm-none-eabi/lib/thumb/v6-m/nofp/libg.a(lib_a-mallocr.o) (_sbrk_r)
/usr/lib/gcc/arm-none-eabi/12.2.1/../../../arm-none-eabi/lib/thumb/v6-m/nofp/libg.a(lib_a-strlen-stub.o)
                              CMakeFiles/ssd1306_tcp_test.dir/main.c.o (strlen)
/usr/lib/gcc/arm-none-eabi/12.2.1/../../../arm-none-eabi/lib/thumb/v6-m/nofp/libg.a(lib_a-strncmp.o)
[...]
Memory Configuration

Name             Origin             Length             Attributes
FLASH            0x10000000         0x00200000         xr
RAM              0x20000000         0x00040000         xrw
SCRATCH_X        0x20040000         0x00001000         xrw
SCRATCH_Y        0x20041000         0x00001000         xrw
*default*        0x00000000         0xffffffff

Linker script and memory map

LOAD /usr/lib/gcc/arm-none-eabi/12.2.1/thumb/v6-m/nofp/crti.o
LOAD /usr/lib/gcc/arm-none-eabi/12.2.1/thumb/v6-m/nofp/crtbegin.o
LOAD /usr/lib/gcc/arm-none-eabi/12.2.1/../../../arm-none-eabi/lib/thumb/v6-m/nofp/crt0.o

.flash_begin    0x10000000        0x0
                0x10000000                        __flash_binary_start = .

.boot2          0x10000000      0x100
                0x10000000                        __boot2_start__ = .
 *(.boot2)
 .boot2         0x10000000      0x100 pico-sdk/src/rp2040/boot_stage2/CMakeFiles/bs2_default_library.dir/bs2_default_padded_checksummed.S.o
                0x10000100                        __boot2_end__ = .
                0x00000001                        ASSERT (((__boot2_end__ - __boot2_start__) == 0x100), ERROR: Pico second stage bootloader must be 256 bytes in size)

.text           0x10000100    0x173fc
                0x10000100                        __logical_binary_start = .
 *(.vectors)
 .vectors       0x10000100       0xd4 CMakeFiles/ssd1306_tcp_test.dir/root/pico/pico-sdk/src/rp2_common/pico_crt0/crt0.S.o
                0x10000100                __vectors
                0x10000100                __VECTOR_TABLE
                0x100001c0                isr_invalid
                0x100001c0                __default_isrs_start
                0x100001c2                isr_nmi
                0x100001c4                isr_hardfault
                0x100001c6                isr_svcall
                0x100001c8                isr_pendsv
                0x100001ca                isr_systick
                0x100001cc                isr_irq30
                0x100001cc                __unhandled_user_irq
                0x100001cc                isr_irq13
                0x100001cc                isr_irq27
                0x100001cc                isr_irq31
                0x100001cc                isr_irq5
                0x100001cc                isr_irq11
                0x100001cc                isr_irq23
                0x100001cc                isr_irq18
                0x100001cc                isr_irq28
                0x100001cc                isr_irq19
                0x100001cc                isr_irq0
                0x100001cc                isr_irq6
                0x100001cc                isr_irq22
                0x100001cc                isr_irq17
                0x100001cc                isr_irq14
                0x100001cc                isr_irq2
                0x100001cc                isr_irq10
                0x100001cc                isr_irq8
                0x100001cc                isr_irq24
                0x100001cc                isr_irq1
                0x100001cc                isr_irq7
                0x100001cc                isr_irq21
                0x100001cc                isr_irq20
                0x100001cc                isr_irq15
                0x100001cc                isr_irq25
                0x100001cc                isr_irq4
                0x100001cc                isr_irq16
                0x100001cc                isr_irq29
                0x100001cc                isr_irq26
                0x100001cc                __default_isrs_end
                0x100001cc                isr_irq3
                0x100001cc                isr_irq12
                0x100001cc                isr_irq9
                0x100001d2                unhandled_user_irq_num_in_r0
 *(.binary_info_header)
 .binary_info_header
                0x100001d4       0x14 CMakeFiles/ssd1306_tcp_test.dir/root/pico/pico-sdk/src/rp2_common/pico_crt0/crt0.S.o
                0x100001e8                        __binary_info_header_end = .
 *(.embedded_block)
                0x100001e8                        __embedded_block_end = .
 *(.reset)
 .reset         0x100001e8       0x9c CMakeFiles/ssd1306_tcp_test.dir/root/pico/pico-sdk/src/rp2_common/pico_crt0/crt0.S.o
                0x100001e8                _entry_point
 *(.init)
 .init          0x10000284        0x4 /usr/lib/gcc/arm-none-eabi/12.2.1/thumb/v6-m/nofp/crti.o
                0x10000284                _init
 *(EXCLUDE_FILE(*libm.a: *libc.a:*lib_a-mem*.o *libgcc.a:) .text*)
 .text          0x10000288       0x98 /usr/lib/gcc/arm-none-eabi/12.2.1/thumb/v6-m/nofp/crtbegin.o
 .text.ssd1306_init
                0x10000320      0x288 CMakeFiles/ssd1306_tcp_test.dir/ssd1306.c.o
                0x10000320                ssd1306_init
 .text.ssd1306_clear
                0x100005a8       0x10 CMakeFiles/ssd1306_tcp_test.dir/ssd1306.c.o
                0x100005a8                ssd1306_clear
 .text.ssd1306_show
                0x100005b8       0xa0 CMakeFiles/ssd1306_tcp_test.dir/ssd1306.c.o
                0x100005b8                ssd1306_show
 .text.ssd1306_draw_string_with_font
                0x10000658      0x324 CMakeFiles/ssd1306_tcp_test.dir/ssd1306.c.o
                0x10000658                ssd1306_draw_string_with_font
 .text.ssd1306_draw_string
                0x1000097c       0x18 CMakeFiles/ssd1306_tcp_test.dir/ssd1306.c.o
                0x1000097c                ssd1306_draw_string
 .text.tcp_server_accept
                0x10000994       0x5c CMakeFiles/ssd1306_tcp_test.dir/tcp_server.c.o
                0x10000994                tcp_server_accept
 .text.tcp_server_recv
                0x100009f0       0xa0 CMakeFiles/ssd1306_tcp_test.dir/tcp_server.c.o
                0x100009f0                tcp_server_recv
 .text.tcp_server_poll
                0x10000a90       0x78 CMakeFiles/ssd1306_tcp_test.dir/tcp_server.c.o
                0x10000a90                tcp_server_poll
 .text.tcp_server_err
                0x10000b08       0x74 CMakeFiles/ssd1306_tcp_test.dir/tcp_server.c.o
                0x10000b08                tcp_server_err
 .text.tcp_server_init
                0x10000b7c       0x20 CMakeFiles/ssd1306_tcp_test.dir/tcp_server.c.o
                0x10000b7c                tcp_server_init
 .text.tcp_server_close
                0x10000b9c       0x6c CMakeFiles/ssd1306_tcp_test.dir/tcp_server.c.o
                0x10000b9c                tcp_server_close
 .text.tcp_server_open
                0x10000c08       0x94 CMakeFiles/ssd1306_tcp_test.dir/tcp_server.c.o
                0x10000c08                tcp_server_open
 .text.startup.main
                0x10000c9c      0x19c CMakeFiles/ssd1306_tcp_test.dir/main.c.o
                0x10000c9c                main
 .text.lwip_timeout_reached
                0x10000e38        0x8 CMakeFiles/ssd1306_tcp_test.dir/root/pico/pico-sdk/src/rp2_common/pico_lwip/lwip_nosys.c.o
 .text.update_next_timeout
                0x10000e40       0x60 CMakeFiles/ssd1306_tcp_test.dir/root/pico/pico-sdk/src/rp2_common/pico_lwip/lwip_nosys.c.o
 .text.lwip_nosys_init
                0x10000ea0       0x30 CMakeFiles/ssd1306_tcp_test.dir/root/pico/pico-sdk/src/rp2_common/pico_lwip/lwip_nosys.c.o
                0x10000ea0                lwip_nosys_init
 .text.lwip_nosys_deinit
                0x10000ed0       0x20 CMakeFiles/ssd1306_tcp_test.dir/root/pico/pico-sdk/src/rp2_common/pico_lwip/lwip_nosys.c.o
                0x10000ed0                lwip_nosys_deinit
 .text.sys_arch_protect
                0x10000ef0        0x4 CMakeFiles/ssd1306_tcp_test.dir/root/pico/pico-sdk/src/rp2_common/pico_lwip/lwip_nosys.c.o
                0x10000ef0                sys_arch_protect
 .text.sys_arch_unprotect
                0x10000ef4        0x4 CMakeFiles/ssd1306_tcp_test.dir/root/pico/pico-sdk/src/rp2_common/pico_lwip/lwip_nosys.c.o
                0x10000ef4                sys_arch_unprotect
 .text.sys_now  0x10000ef8       0x20 CMakeFiles/ssd1306_tcp_test.dir/root/pico/pico-sdk/src/rp2_common/pico_lwip/lwip_nosys.c.o
                0x10000ef8                sys_now
 .text.async_context_base_add_at_time_worker
                0x10000f18       0x24 CMakeFiles/ssd1306_tcp_test.dir/root/pico/pico-sdk/src/rp2_common/pico_async_context/async_context_base.c.o
                0x10000f18                async_context_base_add_at_time_worker
 .text.async_context_base_remove_at_time_worker
                0x10000f3c       0x28 CMakeFiles/ssd1306_tcp_test.dir/root/pico/pico-sdk/src/rp2_common/pico_async_context/async_context_base.c.o
                0x10000f3c                async_context_base_remove_at_time_worker
 .text.async_context_base_add_when_pending_worker
                0x10000f64       0x24 CMakeFiles/ssd1306_tcp_test.dir/root/pico/pico-sdk/src/rp2_common/pico_async_context/async_context_base.c.o
                0x10000f64                async_context_base_add_when_pending_worker
 .text.async_context_base_remove_when_pending_worker
                0x10000f88       0x28 CMakeFiles/ssd1306_tcp_test.dir/root/pico/pico-sdk/src/rp2_common/pico_async_context/async_context_base.c.o
                0x10000f88                async_context_base_remove_when_pending_worker
 .text.async_context_base_execute_once
                0x10000fb0       0xfc CMakeFiles/ssd1306_tcp_test.dir/root/pico/pico-sdk/src/rp2_common/pico_async_context/async_context_base.c.o
                0x10000fb0                async_context_base_execute_once
 .text.rp2040_chip_version
                0x100010ac        0xc CMakeFiles/ssd1306_tcp_test.dir/root/pico/pico-sdk/src/rp2040/pico_platform/platform.c.o
                0x100010ac                rp2040_chip_version
 .text.panic    0x100010b8       0x30 CMakeFiles/ssd1306_tcp_test.dir/root/pico/pico-sdk/src/rp2_common/pico_platform_panic/panic.c.o
                0x100010b8                panic
 .text.splitmix64
                0x100010e8       0x58 CMakeFiles/ssd1306_tcp_test.dir/root/pico/pico-sdk/src/rp2_common/pico_rand/rand.c.o
 .text.xoroshiro128ss
                0x10001140       0x90 CMakeFiles/ssd1306_tcp_test.dir/root/pico/pico-sdk/src/rp2_common/pico_rand/rand.c.o
 .text.get_rand_64
                0x100011d0      0x4a4 CMakeFiles/ssd1306_tcp_test.dir/root/pico/pico-sdk/src/rp2_common/pico_rand/rand.c.o
                0x100011d0                get_rand_64
 .text.get_rand_32
                0x10001674        0x8 CMakeFiles/ssd1306_tcp_test.dir/root/pico/pico-sdk/src/rp2_common/pico_rand/rand.c.o
                0x10001674                get_rand_32
 .text.startup._retrieve_unique_id_on_boot
                0x1000167c       0x10 CMakeFiles/ssd1306_tcp_test.dir/root/pico/pico-sdk/src/rp2_common/pico_unique_id/unique_id.c.o
 .text.pico_get_unique_board_id
                0x1000168c       0x10 CMakeFiles/ssd1306_tcp_test.dir/root/pico/pico-sdk/src/rp2_common/pico_unique_id/unique_id.c.o
                0x1000168c                pico_get_unique_board_id
 .text.pico_get_unique_board_id_string
                0x1000169c      0x1a8 CMakeFiles/ssd1306_tcp_test.dir/root/pico/pico-sdk/src/rp2_common/pico_unique_id/unique_id.c.o
                0x1000169c                pico_get_unique_board_id_string
 .text.flash_get_unique_id
                0x10001844       0x40 CMakeFiles/ssd1306_tcp_test.dir/root/pico/pico-sdk/src/rp2_common/hardware_flash/flash.c.o
                0x10001844                flash_get_unique_id
 .text.hw_claim_lock
                0x10001884       0x18 CMakeFiles/ssd1306_tcp_test.dir/root/pico/pico-sdk/src/common/hardware_claim/claim.c.o
                0x10001884                hw_claim_lock
 .text.hw_claim_unlock
                0x1000189c       0x14 CMakeFiles/ssd1306_tcp_test.dir/root/pico/pico-sdk/src/common/hardware_claim/claim.c.o
                0x1000189c                hw_claim_unlock
 .text.hw_claim_or_assert
                0x100018b0       0x44 CMakeFiles/ssd1306_tcp_test.dir/root/pico/pico-sdk/src/common/hardware_claim/claim.c.o
                0x100018b0                hw_claim_or_assert
 .text.hw_claim_unused_from_range
                0x100018f4       0x9c CMakeFiles/ssd1306_tcp_test.dir/root/pico/pico-sdk/src/common/hardware_claim/claim.c.o
                0x100018f4                hw_claim_unused_from_range
 .text.hw_claim_clear
                0x10001990       0x38 CMakeFiles/ssd1306_tcp_test.dir/root/pico/pico-sdk/src/common/hardware_claim/claim.c.o
                0x10001990                hw_claim_clear
 .text.next_striped_spin_lock_num
                0x100019c8       0x18 CMakeFiles/ssd1306_tcp_test.dir/root/pico/pico-sdk/src/rp2_common/hardware_sync/sync.c.o
                0x100019c8                next_striped_spin_lock_num
 .text.spin_lock_claim_unused
                0x100019e0       0x24 CMakeFiles/ssd1306_tcp_test.dir/root/pico/pico-sdk/src/rp2_common/hardware_sync/sync.c.o
                0x100019e0                spin_lock_claim_unused
 .text.spin_locks_reset
                0x10001a04       0x1c CMakeFiles/ssd1306_tcp_test.dir/root/pico/pico-sdk/src/rp2_common/hardware_sync_spin_lock/sync_spin_lock.c.o
                0x10001a04                spin_locks_reset
 .text.rom_func_lookup
                0x10001a20       0x10 CMakeFiles/ssd1306_tcp_test.dir/root/pico/pico-sdk/src/rp2_common/pico_bootrom/bootrom.c.o
                0x10001a20                rom_func_lookup
 .text.rom_data_lookup
                0x10001a30       0x10 CMakeFiles/ssd1306_tcp_test.dir/root/pico/pico-sdk/src/rp2_common/pico_bootrom/bootrom.c.o
                0x10001a30                rom_data_lookup
 .text.rom_funcs_lookup
                0x10001a40       0x44 CMakeFiles/ssd1306_tcp_test.dir/root/pico/pico-sdk/src/rp2_common/pico_bootrom/bootrom.c.o
                0x10001a40                rom_funcs_lookup
 .text.rom_reset_usb_boot_extra
                0x10001a84       0x28 CMakeFiles/ssd1306_tcp_test.dir/root/pico/pico-sdk/src/rp2_common/pico_bootrom/bootrom.c.o
                0x10001a84                rom_reset_usb_boot_extra
 .text.sleep_until_callback
                0x10001aac       0x30 CMakeFiles/ssd1306_tcp_test.dir/root/pico/pico-sdk/src/common/pico_time/time.c.o
 .text.alarm_pool_irq_handler
                0x10001adc      0x300 CMakeFiles/ssd1306_tcp_test.dir/root/pico/pico-sdk/src/common/pico_time/time.c.o
 .text.runtime_init_default_alarm_pool
                0x10001ddc       0xdc CMakeFiles/ssd1306_tcp_test.dir/root/pico/pico-sdk/src/common/pico_time/time.c.o
                0x10001ddc                runtime_init_default_alarm_pool
 .text.alarm_pool_get_default
                0x10001eb8        0x8 CMakeFiles/ssd1306_tcp_test.dir/root/pico/pico-sdk/src/common/pico_time/time.c.o
                0x10001eb8                alarm_pool_get_default
 .text.alarm_pool_add_alarm_at
                0x10001ec0       0xd4 CMakeFiles/ssd1306_tcp_test.dir/root/pico/pico-sdk/src/common/pico_time/time.c.o
                0x10001ec0                alarm_pool_add_alarm_at
 .text.alarm_pool_add_alarm_at_force_in_context
                0x10001f94       0xb0 CMakeFiles/ssd1306_tcp_test.dir/root/pico/pico-sdk/src/common/pico_time/time.c.o
                0x10001f94                alarm_pool_add_alarm_at_force_in_context
 .text.alarm_pool_cancel_alarm
                0x10002044       0x74 CMakeFiles/ssd1306_tcp_test.dir/root/pico/pico-sdk/src/common/pico_time/time.c.o
                0x10002044                alarm_pool_cancel_alarm
 .text.alarm_pool_core_num
                0x100020b8        0x4 CMakeFiles/ssd1306_tcp_test.dir/root/pico/pico-sdk/src/common/pico_time/time.c.o
                0x100020b8                alarm_pool_core_num
 .text.sleep_until
                0x100020bc       0xd8 CMakeFiles/ssd1306_tcp_test.dir/root/pico/pico-sdk/src/common/pico_time/time.c.o
                0x100020bc                sleep_until
 .text.sleep_ms
                0x10002194       0x38 CMakeFiles/ssd1306_tcp_test.dir/root/pico/pico-sdk/src/common/pico_time/time.c.o
                0x10002194                sleep_ms
 .text.best_effort_wfe_or_timeout
                0x100021cc       0xfc CMakeFiles/ssd1306_tcp_test.dir/root/pico/pico-sdk/src/common/pico_time/time.c.o
                0x100021cc                best_effort_wfe_or_timeout
 .text.timer_hardware_alarm_claim
                0x100022c8       0x14 CMakeFiles/ssd1306_tcp_test.dir/root/pico/pico-sdk/src/rp2_common/hardware_timer/timer.c.o
                0x100022c8                timer_hardware_alarm_claim
 .text.timer_time_us_64
                0x100022dc       0x10 CMakeFiles/ssd1306_tcp_test.dir/root/pico/pico-sdk/src/rp2_common/hardware_timer/timer.c.o
                0x100022dc                timer_time_us_64
 .text.time_us_64
                0x100022ec       0x14 CMakeFiles/ssd1306_tcp_test.dir/root/pico/pico-sdk/src/rp2_common/hardware_timer/timer.c.o
                0x100022ec                time_us_64
 .text.busy_wait_until
                0x10002300       0x20 CMakeFiles/ssd1306_tcp_test.dir/root/pico/pico-sdk/src/rp2_common/hardware_timer/timer.c.o
                0x10002300                busy_wait_until
 .text.runtime_init_per_core_irq_priorities
                0x10002320       0x24 CMakeFiles/ssd1306_tcp_test.dir/root/pico/pico-sdk/src/rp2_common/hardware_irq/irq.c.o
                0x10002320                runtime_init_per_core_irq_priorities
 .text.irq_set_enabled
                0x10002344       0x24 CMakeFiles/ssd1306_tcp_test.dir/root/pico/pico-sdk/src/rp2_common/hardware_irq/irq.c.o
                0x10002344                irq_set_enabled
 .text.irq_is_enabled
                0x10002368       0x18 CMakeFiles/ssd1306_tcp_test.dir/root/pico/pico-sdk/src/rp2_common/hardware_irq/irq.c.o
                0x10002368                irq_is_enabled
 .text.irq_set_pending
                0x10002380       0x10 CMakeFiles/ssd1306_tcp_test.dir/root/pico/pico-sdk/src/rp2_common/hardware_irq/irq.c.o
                0x10002380                irq_set_pending
 .text.irq_has_shared_handler
                0x10002390       0x24 CMakeFiles/ssd1306_tcp_test.dir/root/pico/pico-sdk/src/rp2_common/hardware_irq/irq.c.o
                0x10002390                irq_has_shared_handler
 .text.irq_set_exclusive_handler
                0x100023b4       0x54 CMakeFiles/ssd1306_tcp_test.dir/root/pico/pico-sdk/src/rp2_common/hardware_irq/irq.c.o
                0x100023b4                irq_set_exclusive_handler
 .text.irq_add_shared_handler
                0x10002408      0x1f4 CMakeFiles/ssd1306_tcp_test.dir/root/pico/pico-sdk/src/rp2_common/hardware_irq/irq.c.o
                0x10002408                irq_add_shared_handler
 .text.irq_remove_handler
                0x100025fc      0x1d4 CMakeFiles/ssd1306_tcp_test.dir/root/pico/pico-sdk/src/rp2_common/hardware_irq/irq.c.o
                0x100025fc                irq_remove_handler
 .text.irq_set_priority
                0x100027d0       0x28 CMakeFiles/ssd1306_tcp_test.dir/root/pico/pico-sdk/src/rp2_common/hardware_irq/irq.c.o
                0x100027d0                irq_set_priority
 .text.irq_add_tail_to_free_list
                0x100027f8       0xb4 CMakeFiles/ssd1306_tcp_test.dir/root/pico/pico-sdk/src/rp2_common/hardware_irq/irq.c.o
                0x100027f8                irq_add_tail_to_free_list
 .text.user_irq_unclaim
                0x100028ac       0x14 CMakeFiles/ssd1306_tcp_test.dir/root/pico/pico-sdk/src/rp2_common/hardware_irq/irq.c.o
                0x100028ac                user_irq_unclaim
 .text.user_irq_claim_unused
                0x100028c0       0x2c CMakeFiles/ssd1306_tcp_test.dir/root/pico/pico-sdk/src/rp2_common/hardware_irq/irq.c.o
                0x100028c0                user_irq_claim_unused
 .text.sem_init
                0x100028ec       0x20 CMakeFiles/ssd1306_tcp_test.dir/root/pico/pico-sdk/src/common/pico_sync/sem.c.o
                0x100028ec                sem_init
 .text.lock_init
                0x1000290c       0x10 CMakeFiles/ssd1306_tcp_test.dir/root/pico/pico-sdk/src/common/pico_sync/lock_core.c.o
                0x1000290c                lock_init
 .text.runtime_init_mutex
                0x1000291c       0x58 CMakeFiles/ssd1306_tcp_test.dir/root/pico/pico-sdk/src/common/pico_sync/mutex.c.o
                0x1000291c                runtime_init_mutex
 .text.mutex_init
                0x10002974       0x1c CMakeFiles/ssd1306_tcp_test.dir/root/pico/pico-sdk/src/common/pico_sync/mutex.c.o
                0x10002974                mutex_init
 .text.recursive_mutex_init
                0x10002990       0x1c CMakeFiles/ssd1306_tcp_test.dir/root/pico/pico-sdk/src/common/pico_sync/mutex.c.o
                0x10002990                recursive_mutex_init
 .text.critical_section_init
                0x100029ac       0x1c CMakeFiles/ssd1306_tcp_test.dir/root/pico/pico-sdk/src/common/pico_sync/critical_section.c.o
                0x100029ac                critical_section_init
 .text.critical_section_init_with_lock_num
                0x100029c8       0x14 CMakeFiles/ssd1306_tcp_test.dir/root/pico/pico-sdk/src/common/pico_sync/critical_section.c.o
                0x100029c8                critical_section_init_with_lock_num
 .text.clock_configure_int_divider
                0x100029dc       0xf4 CMakeFiles/ssd1306_tcp_test.dir/root/pico/pico-sdk/src/rp2_common/hardware_clocks/clocks.c.o
                0x100029dc                clock_configure_int_divider
 .text.clock_configure_undivided
                0x10002ad0       0xe8 CMakeFiles/ssd1306_tcp_test.dir/root/pico/pico-sdk/src/rp2_common/hardware_clocks/clocks.c.o
                0x10002ad0                clock_configure_undivided
 .text.clock_get_hz
                0x10002bb8        0xc CMakeFiles/ssd1306_tcp_test.dir/root/pico/pico-sdk/src/rp2_common/hardware_clocks/clocks.c.o
                0x10002bb8                clock_get_hz
 .text.gpio_set_function
                0x10002bc4       0x34 CMakeFiles/ssd1306_tcp_test.dir/root/pico/pico-sdk/src/rp2_common/hardware_gpio/gpio.c.o
                0x10002bc4                gpio_set_function
 .text.gpio_set_pulls
                0x10002bf8       0x28 CMakeFiles/ssd1306_tcp_test.dir/root/pico/pico-sdk/src/rp2_common/hardware_gpio/gpio.c.o
                0x10002bf8                gpio_set_pulls
 .text.gpio_set_input_hysteresis_enabled
                0x10002c20       0x28 CMakeFiles/ssd1306_tcp_test.dir/root/pico/pico-sdk/src/rp2_common/hardware_gpio/gpio.c.o
                0x10002c20                gpio_set_input_hysteresis_enabled
 .text.gpio_set_irq_enabled
                0x10002c48       0x58 CMakeFiles/ssd1306_tcp_test.dir/root/pico/pico-sdk/src/rp2_common/hardware_gpio/gpio.c.o
                0x10002c48                gpio_set_irq_enabled
 .text.gpio_add_raw_irq_handler_with_order_priority_masked
                0x10002ca0       0x44 CMakeFiles/ssd1306_tcp_test.dir/root/pico/pico-sdk/src/rp2_common/hardware_gpio/gpio.c.o
                0x10002ca0                gpio_add_raw_irq_handler_with_order_priority_masked
 .text.gpio_remove_raw_irq_handler_masked
                0x10002ce4       0x20 CMakeFiles/ssd1306_tcp_test.dir/root/pico/pico-sdk/src/rp2_common/hardware_gpio/gpio.c.o
                0x10002ce4                gpio_remove_raw_irq_handler_masked
 .text.gpio_init
                0x10002d04       0x40 CMakeFiles/ssd1306_tcp_test.dir/root/pico/pico-sdk/src/rp2_common/hardware_gpio/gpio.c.o
                0x10002d04                gpio_init
 .text.pll_init
                0x10002d44       0xa0 CMakeFiles/ssd1306_tcp_test.dir/root/pico/pico-sdk/src/rp2_common/hardware_pll/pll.c.o
                0x10002d44                pll_init
 .text.watchdog_reboot
                0x10002de4       0x9c CMakeFiles/ssd1306_tcp_test.dir/root/pico/pico-sdk/src/rp2_common/hardware_watchdog/watchdog.c.o
                0x10002de4                watchdog_reboot
 .text.tick_start
                0x10002e80       0x10 CMakeFiles/ssd1306_tcp_test.dir/root/pico/pico-sdk/src/rp2_common/hardware_ticks/ticks.c.o
                0x10002e80                tick_start
 .text.xosc_init
                0x10002e90       0x28 CMakeFiles/ssd1306_tcp_test.dir/root/pico/pico-sdk/src/rp2_common/hardware_xosc/xosc.c.o
                0x10002e90                xosc_init
 .text.lwip_init
                0x10002eb8       0x24 CMakeFiles/ssd1306_tcp_test.dir/root/pico/pico-sdk/lib/lwip/src/core/init.c.o
                0x10002eb8                lwip_init
 .text.lwip_htons
                0x10002edc        0x8 CMakeFiles/ssd1306_tcp_test.dir/root/pico/pico-sdk/lib/lwip/src/core/def.c.o
                0x10002edc                lwip_htons
 .text.lwip_htonl
                0x10002ee4        0x4 CMakeFiles/ssd1306_tcp_test.dir/root/pico/pico-sdk/lib/lwip/src/core/def.c.o
                0x10002ee4                lwip_htonl
 .text.dns_call_found
                0x10002ee8      0x184 CMakeFiles/ssd1306_tcp_test.dir/root/pico/pico-sdk/lib/lwip/src/core/dns.c.o
 .text.dns_send.isra.0
                0x1000306c      0x174 CMakeFiles/ssd1306_tcp_test.dir/root/pico/pico-sdk/lib/lwip/src/core/dns.c.o
 .text.dns_init
                0x100031e0        0x4 CMakeFiles/ssd1306_tcp_test.dir/root/pico/pico-sdk/lib/lwip/src/core/dns.c.o
                0x100031e0                dns_init
 .text.dns_setserver
                0x100031e4       0x24 CMakeFiles/ssd1306_tcp_test.dir/root/pico/pico-sdk/lib/lwip/src/core/dns.c.o
                0x100031e4                dns_setserver
 .text.dns_tmr  0x10003208      0x140 CMakeFiles/ssd1306_tcp_test.dir/root/pico/pico-sdk/lib/lwip/src/core/dns.c.o
                0x10003208                dns_tmr
 .text.lwip_standard_chksum
                0x10003348       0xdc CMakeFiles/ssd1306_tcp_test.dir/root/pico/pico-sdk/lib/lwip/src/core/inet_chksum.c.o
                0x10003348                lwip_standard_chksum
 .text.inet_chksum_pseudo
                0x10003424       0xbc CMakeFiles/ssd1306_tcp_test.dir/root/pico/pico-sdk/lib/lwip/src/core/inet_chksum.c.o
                0x10003424                inet_chksum_pseudo
 .text.ip_chksum_pseudo
                0x100034e0       0x10 CMakeFiles/ssd1306_tcp_test.dir/root/pico/pico-sdk/lib/lwip/src/core/inet_chksum.c.o
                0x100034e0                ip_chksum_pseudo
 .text.inet_chksum
                0x100034f0        0xc CMakeFiles/ssd1306_tcp_test.dir/root/pico/pico-sdk/lib/lwip/src/core/inet_chksum.c.o
                0x100034f0                inet_chksum
 .text.inet_chksum_pbuf
                0x100034fc       0x78 CMakeFiles/ssd1306_tcp_test.dir/root/pico/pico-sdk/lib/lwip/src/core/inet_chksum.c.o
                0x100034fc                inet_chksum_pbuf
 .text.mem_init
                0x10003574       0x3c CMakeFiles/ssd1306_tcp_test.dir/root/pico/pico-sdk/lib/lwip/src/core/mem.c.o
                0x10003574                mem_init
 .text.mem_free
                0x100035b0      0x130 CMakeFiles/ssd1306_tcp_test.dir/root/pico/pico-sdk/lib/lwip/src/core/mem.c.o
                0x100035b0                mem_free
 .text.mem_trim
                0x100036e0       0xfc CMakeFiles/ssd1306_tcp_test.dir/root/pico/pico-sdk/lib/lwip/src/core/mem.c.o
                0x100036e0                mem_trim
 .text.mem_malloc
                0x100037dc      0x114 CMakeFiles/ssd1306_tcp_test.dir/root/pico/pico-sdk/lib/lwip/src/core/mem.c.o
                0x100037dc                mem_malloc
 .text.memp_init
                0x100038f0       0x6c CMakeFiles/ssd1306_tcp_test.dir/root/pico/pico-sdk/lib/lwip/src/core/memp.c.o
                0x100038f0                memp_init
 .text.memp_malloc
                0x1000395c       0x40 CMakeFiles/ssd1306_tcp_test.dir/root/pico/pico-sdk/lib/lwip/src/core/memp.c.o
                0x1000395c                memp_malloc
 .text.memp_free
                0x1000399c       0x38 CMakeFiles/ssd1306_tcp_test.dir/root/pico/pico-sdk/lib/lwip/src/core/memp.c.o
                0x1000399c                memp_free
 .text.netif_null_output_ip4
                0x100039d4        0x8 CMakeFiles/ssd1306_tcp_test.dir/root/pico/pico-sdk/lib/lwip/src/core/netif.c.o
 .text.netif_do_set_ipaddr.isra.0
                0x100039dc       0x60 CMakeFiles/ssd1306_tcp_test.dir/root/pico/pico-sdk/lib/lwip/src/core/netif.c.o
 .text.netif_init
                0x10003a3c        0x4 CMakeFiles/ssd1306_tcp_test.dir/root/pico/pico-sdk/lib/lwip/src/core/netif.c.o
                0x10003a3c                netif_init
 .text.netif_add
                0x10003a40      0x16c CMakeFiles/ssd1306_tcp_test.dir/root/pico/pico-sdk/lib/lwip/src/core/netif.c.o
                0x10003a40                netif_add
 .text.netif_set_addr
                0x10003bac       0xb4 CMakeFiles/ssd1306_tcp_test.dir/root/pico/pico-sdk/lib/lwip/src/core/netif.c.o
                0x10003bac                netif_set_addr
 .text.netif_remove
                0x10003c60       0x94 CMakeFiles/ssd1306_tcp_test.dir/root/pico/pico-sdk/lib/lwip/src/core/netif.c.o
                0x10003c60                netif_remove
 .text.netif_set_default
                0x10003cf4        0xc CMakeFiles/ssd1306_tcp_test.dir/root/pico/pico-sdk/lib/lwip/src/core/netif.c.o
                0x10003cf4                netif_set_default
 .text.netif_set_up
                0x10003d00       0x40 CMakeFiles/ssd1306_tcp_test.dir/root/pico/pico-sdk/lib/lwip/src/core/netif.c.o
                0x10003d00                netif_set_up
 .text.netif_set_link_up
                0x10003d40       0x44 CMakeFiles/ssd1306_tcp_test.dir/root/pico/pico-sdk/lib/lwip/src/core/netif.c.o
                0x10003d40                netif_set_link_up
 .text.netif_set_link_down
                0x10003d84       0x20 CMakeFiles/ssd1306_tcp_test.dir/root/pico/pico-sdk/lib/lwip/src/core/netif.c.o
                0x10003d84                netif_set_link_down
 .text.netif_get_by_index
                0x10003da4       0x2c CMakeFiles/ssd1306_tcp_test.dir/root/pico/pico-sdk/lib/lwip/src/core/netif.c.o
                0x10003da4                netif_get_by_index
 .text.pbuf_free.part.0
                0x10003dd0       0x7c CMakeFiles/ssd1306_tcp_test.dir/root/pico/pico-sdk/lib/lwip/src/core/pbuf.c.o
 .text.pbuf_free_ooseq
                0x10003e4c       0x34 CMakeFiles/ssd1306_tcp_test.dir/root/pico/pico-sdk/lib/lwip/src/core/pbuf.c.o
                0x10003e4c                pbuf_free_ooseq
 .text.pbuf_alloc
                0x10003e80      0x13c CMakeFiles/ssd1306_tcp_test.dir/root/pico/pico-sdk/lib/lwip/src/core/pbuf.c.o
                0x10003e80                pbuf_alloc
 .text.pbuf_realloc
                0x10003fbc       0x84 CMakeFiles/ssd1306_tcp_test.dir/root/pico/pico-sdk/lib/lwip/src/core/pbuf.c.o
                0x10003fbc                pbuf_realloc
 .text.pbuf_add_header
                0x10004040       0x50 CMakeFiles/ssd1306_tcp_test.dir/root/pico/pico-sdk/lib/lwip/src/core/pbuf.c.o
                0x10004040                pbuf_add_header
 .text.pbuf_remove_header
                0x10004090       0x3c CMakeFiles/ssd1306_tcp_test.dir/root/pico/pico-sdk/lib/lwip/src/core/pbuf.c.o
                0x10004090                pbuf_remove_header
 .text.pbuf_header_force
                0x100040cc       0x6c CMakeFiles/ssd1306_tcp_test.dir/root/pico/pico-sdk/lib/lwip/src/core/pbuf.c.o
                0x100040cc                pbuf_header_force
 .text.pbuf_free
                0x10004138       0x18 CMakeFiles/ssd1306_tcp_test.dir/root/pico/pico-sdk/lib/lwip/src/core/pbuf.c.o
                0x10004138                pbuf_free
 .text.pbuf_clen
                0x10004150       0x14 CMakeFiles/ssd1306_tcp_test.dir/root/pico/pico-sdk/lib/lwip/src/core/pbuf.c.o
                0x10004150                pbuf_clen
 .text.pbuf_ref
                0x10004164       0x28 CMakeFiles/ssd1306_tcp_test.dir/root/pico/pico-sdk/lib/lwip/src/core/pbuf.c.o
                0x10004164                pbuf_ref
 .text.pbuf_cat
                0x1000418c       0x44 CMakeFiles/ssd1306_tcp_test.dir/root/pico/pico-sdk/lib/lwip/src/core/pbuf.c.o
                0x1000418c                pbuf_cat
 .text.pbuf_chain
                0x100041d0       0x64 CMakeFiles/ssd1306_tcp_test.dir/root/pico/pico-sdk/lib/lwip/src/core/pbuf.c.o
                0x100041d0                pbuf_chain
 .text.pbuf_copy_partial_pbuf
                0x10004234      0x130 CMakeFiles/ssd1306_tcp_test.dir/root/pico/pico-sdk/lib/lwip/src/core/pbuf.c.o
                0x10004234                pbuf_copy_partial_pbuf
 .text.pbuf_copy
                0x10004364       0x18 CMakeFiles/ssd1306_tcp_test.dir/root/pico/pico-sdk/lib/lwip/src/core/pbuf.c.o
                0x10004364                pbuf_copy
 .text.pbuf_copy_partial
                0x1000437c       0x68 CMakeFiles/ssd1306_tcp_test.dir/root/pico/pico-sdk/lib/lwip/src/core/pbuf.c.o
                0x1000437c                pbuf_copy_partial
 .text.pbuf_take
                0x100043e4       0x78 CMakeFiles/ssd1306_tcp_test.dir/root/pico/pico-sdk/lib/lwip/src/core/pbuf.c.o
                0x100043e4                pbuf_take
 .text.pbuf_take_at
                0x1000445c       0xcc CMakeFiles/ssd1306_tcp_test.dir/root/pico/pico-sdk/lib/lwip/src/core/pbuf.c.o
                0x1000445c                pbuf_take_at
 .text.pbuf_clone
                0x10004528       0x30 CMakeFiles/ssd1306_tcp_test.dir/root/pico/pico-sdk/lib/lwip/src/core/pbuf.c.o
                0x10004528                pbuf_clone
 .text.pbuf_put_at
                0x10004558       0x1c CMakeFiles/ssd1306_tcp_test.dir/root/pico/pico-sdk/lib/lwip/src/core/pbuf.c.o
                0x10004558                pbuf_put_at
 .text.raw_input
                0x10004574       0xfc CMakeFiles/ssd1306_tcp_test.dir/root/pico/pico-sdk/lib/lwip/src/core/raw.c.o
                0x10004574                raw_input
 .text.raw_netif_ip_addr_changed
                0x10004670       0x40 CMakeFiles/ssd1306_tcp_test.dir/root/pico/pico-sdk/lib/lwip/src/core/raw.c.o
                0x10004670                raw_netif_ip_addr_changed
 .text.stats_init
                0x100046b0        0x4 CMakeFiles/ssd1306_tcp_test.dir/root/pico/pico-sdk/lib/lwip/src/core/stats.c.o
                0x100046b0                stats_init
 .text.tcp_close_shutdown_fin
                0x100046b4       0x58 CMakeFiles/ssd1306_tcp_test.dir/root/pico/pico-sdk/lib/lwip/src/core/tcp.c.o
 .text.tcp_pcb_purge.part.0
                0x1000470c       0xc4 CMakeFiles/ssd1306_tcp_test.dir/root/pico/pico-sdk/lib/lwip/src/core/tcp.c.o
 .text.tcp_init
                0x100047d0       0x20 CMakeFiles/ssd1306_tcp_test.dir/root/pico/pico-sdk/lib/lwip/src/core/tcp.c.o
                0x100047d0                tcp_init
 .text.tcp_free
                0x100047f0       0x1c CMakeFiles/ssd1306_tcp_test.dir/root/pico/pico-sdk/lib/lwip/src/core/tcp.c.o
                0x100047f0                tcp_free
 .text.tcp_bind
                0x1000480c       0xf4 CMakeFiles/ssd1306_tcp_test.dir/root/pico/pico-sdk/lib/lwip/src/core/tcp.c.o
                0x1000480c                tcp_bind
 .text.tcp_listen_with_backlog
                0x10004900       0x98 CMakeFiles/ssd1306_tcp_test.dir/root/pico/pico-sdk/lib/lwip/src/core/tcp.c.o
                0x10004900                tcp_listen_with_backlog
 .text.tcp_update_rcv_ann_wnd
                0x10004998       0x58 CMakeFiles/ssd1306_tcp_test.dir/root/pico/pico-sdk/lib/lwip/src/core/tcp.c.o
                0x10004998                tcp_update_rcv_ann_wnd
 .text.tcp_recved
                0x100049f0       0x98 CMakeFiles/ssd1306_tcp_test.dir/root/pico/pico-sdk/lib/lwip/src/core/tcp.c.o
                0x100049f0                tcp_recved
 .text.tcp_slowtmr
                0x10004a88      0x534 CMakeFiles/ssd1306_tcp_test.dir/root/pico/pico-sdk/lib/lwip/src/core/tcp.c.o
                0x10004a88                tcp_slowtmr
 .text.tcp_segs_free
                0x10004fbc       0x38 CMakeFiles/ssd1306_tcp_test.dir/root/pico/pico-sdk/lib/lwip/src/core/tcp.c.o
                0x10004fbc                tcp_segs_free
 .text.tcp_seg_free
                0x10004ff4       0x1c CMakeFiles/ssd1306_tcp_test.dir/root/pico/pico-sdk/lib/lwip/src/core/tcp.c.o
                0x10004ff4                tcp_seg_free
 .text.tcp_seg_copy
                0x10005010       0x2c CMakeFiles/ssd1306_tcp_test.dir/root/pico/pico-sdk/lib/lwip/src/core/tcp.c.o
                0x10005010                tcp_seg_copy
 .text.tcp_arg  0x1000503c        0x8 CMakeFiles/ssd1306_tcp_test.dir/root/pico/pico-sdk/lib/lwip/src/core/tcp.c.o
                0x1000503c                tcp_arg
 .text.tcp_recv
                0x10005044       0x1c CMakeFiles/ssd1306_tcp_test.dir/root/pico/pico-sdk/lib/lwip/src/core/tcp.c.o
                0x10005044                tcp_recv
 .text.tcp_err  0x10005060       0x1c CMakeFiles/ssd1306_tcp_test.dir/root/pico/pico-sdk/lib/lwip/src/core/tcp.c.o
                0x10005060                tcp_err
 .text.tcp_accept
                0x1000507c       0x10 CMakeFiles/ssd1306_tcp_test.dir/root/pico/pico-sdk/lib/lwip/src/core/tcp.c.o
                0x1000507c                tcp_accept
 .text.tcp_poll
                0x1000508c       0x20 CMakeFiles/ssd1306_tcp_test.dir/root/pico/pico-sdk/lib/lwip/src/core/tcp.c.o
                0x1000508c                tcp_poll
 .text.tcp_pcb_purge
                0x100050ac       0x18 CMakeFiles/ssd1306_tcp_test.dir/root/pico/pico-sdk/lib/lwip/src/core/tcp.c.o
                0x100050ac                tcp_pcb_purge
 .text.tcp_pcb_remove
                0x100050c4       0xc8 CMakeFiles/ssd1306_tcp_test.dir/root/pico/pico-sdk/lib/lwip/src/core/tcp.c.o
                0x100050c4                tcp_pcb_remove
 .text.tcp_abandon
                0x1000518c      0x1a4 CMakeFiles/ssd1306_tcp_test.dir/root/pico/pico-sdk/lib/lwip/src/core/tcp.c.o
                0x1000518c                tcp_abandon
 .text.tcp_abort
                0x10005330        0xc CMakeFiles/ssd1306_tcp_test.dir/root/pico/pico-sdk/lib/lwip/src/core/tcp.c.o
                0x10005330                tcp_abort
 .text.tcp_accept_null
                0x1000533c       0x20 CMakeFiles/ssd1306_tcp_test.dir/root/pico/pico-sdk/lib/lwip/src/core/tcp.c.o
 .text.tcp_alloc
                0x1000535c      0x1d4 CMakeFiles/ssd1306_tcp_test.dir/root/pico/pico-sdk/lib/lwip/src/core/tcp.c.o
                0x1000535c                tcp_alloc
 .text.tcp_new_ip_type
                0x10005530        0xc CMakeFiles/ssd1306_tcp_test.dir/root/pico/pico-sdk/lib/lwip/src/core/tcp.c.o
                0x10005530                tcp_new_ip_type
 .text.tcp_close_shutdown
                0x1000553c      0x18c CMakeFiles/ssd1306_tcp_test.dir/root/pico/pico-sdk/lib/lwip/src/core/tcp.c.o
 .text.tcp_recv_null
                0x100056c8       0xcc CMakeFiles/ssd1306_tcp_test.dir/root/pico/pico-sdk/lib/lwip/src/core/tcp.c.o
                0x100056c8                tcp_recv_null
 .text.tcp_process_refused_data
                0x10005794       0x78 CMakeFiles/ssd1306_tcp_test.dir/root/pico/pico-sdk/lib/lwip/src/core/tcp.c.o
                0x10005794                tcp_process_refused_data
 .text.tcp_fasttmr
                0x1000580c       0x98 CMakeFiles/ssd1306_tcp_test.dir/root/pico/pico-sdk/lib/lwip/src/core/tcp.c.o
                0x1000580c                tcp_fasttmr
 .text.tcp_tmr  0x100058a4       0x20 CMakeFiles/ssd1306_tcp_test.dir/root/pico/pico-sdk/lib/lwip/src/core/tcp.c.o
                0x100058a4                tcp_tmr
 .text.tcp_close
                0x100058c4      0x170 CMakeFiles/ssd1306_tcp_test.dir/root/pico/pico-sdk/lib/lwip/src/core/tcp.c.o
                0x100058c4                tcp_close
 .text.tcp_next_iss
                0x10005a34       0x28 CMakeFiles/ssd1306_tcp_test.dir/root/pico/pico-sdk/lib/lwip/src/core/tcp.c.o
                0x10005a34                tcp_next_iss
 .text.tcp_eff_send_mss_netif
                0x10005a5c       0x34 CMakeFiles/ssd1306_tcp_test.dir/root/pico/pico-sdk/lib/lwip/src/core/tcp.c.o
                0x10005a5c                tcp_eff_send_mss_netif
 .text.tcp_netif_ip_addr_changed
                0x10005a90       0x9c CMakeFiles/ssd1306_tcp_test.dir/root/pico/pico-sdk/lib/lwip/src/core/tcp.c.o
                0x10005a90                tcp_netif_ip_addr_changed
 .text.tcp_free_ooseq
                0x10005b2c       0x40 CMakeFiles/ssd1306_tcp_test.dir/root/pico/pico-sdk/lib/lwip/src/core/tcp.c.o
                0x10005b2c                tcp_free_ooseq
 .text.tcp_parseopt
                0x10005b6c      0x1c4 CMakeFiles/ssd1306_tcp_test.dir/root/pico/pico-sdk/lib/lwip/src/core/tcp_in.c.o
 .text.tcp_oos_insert_segment
                0x10005d30       0xdc CMakeFiles/ssd1306_tcp_test.dir/root/pico/pico-sdk/lib/lwip/src/core/tcp_in.c.o
 .text.tcp_free_acked_segments.constprop.0
                0x10005e0c       0xdc CMakeFiles/ssd1306_tcp_test.dir/root/pico/pico-sdk/lib/lwip/src/core/tcp_in.c.o
 .text.tcp_receive
                0x10005ee8      0xa10 CMakeFiles/ssd1306_tcp_test.dir/root/pico/pico-sdk/lib/lwip/src/core/tcp_in.c.o
 .text.tcp_input
                0x100068f8      0xe8c CMakeFiles/ssd1306_tcp_test.dir/root/pico/pico-sdk/lib/lwip/src/core/tcp_in.c.o
                0x100068f8                tcp_input
 .text.tcp_trigger_input_pcb_close
                0x10007784       0x10 CMakeFiles/ssd1306_tcp_test.dir/root/pico/pico-sdk/lib/lwip/src/core/tcp_in.c.o
                0x10007784                tcp_trigger_input_pcb_close
 .text.tcp_create_segment
                0x10007794       0xf8 CMakeFiles/ssd1306_tcp_test.dir/root/pico/pico-sdk/lib/lwip/src/core/tcp_out.c.o
 .text.tcp_output_control_segment
                0x1000788c       0xc0 CMakeFiles/ssd1306_tcp_test.dir/root/pico/pico-sdk/lib/lwip/src/core/tcp_out.c.o
 .text.tcp_output_alloc_header.constprop.0
                0x1000794c       0xc8 CMakeFiles/ssd1306_tcp_test.dir/root/pico/pico-sdk/lib/lwip/src/core/tcp_out.c.o
 .text.tcp_split_unsent_seg
                0x10007a14      0x1b4 CMakeFiles/ssd1306_tcp_test.dir/root/pico/pico-sdk/lib/lwip/src/core/tcp_out.c.o
                0x10007a14                tcp_split_unsent_seg
 .text.tcp_send_fin
                0x10007bc8      0x118 CMakeFiles/ssd1306_tcp_test.dir/root/pico/pico-sdk/lib/lwip/src/core/tcp_out.c.o
                0x10007bc8                tcp_send_fin
 .text.tcp_enqueue_flags
                0x10007ce0      0x108 CMakeFiles/ssd1306_tcp_test.dir/root/pico/pico-sdk/lib/lwip/src/core/tcp_out.c.o
                0x10007ce0                tcp_enqueue_flags
 .text.tcp_rexmit_rto_prepare
                0x10007de8       0x9c CMakeFiles/ssd1306_tcp_test.dir/root/pico/pico-sdk/lib/lwip/src/core/tcp_out.c.o
                0x10007de8                tcp_rexmit_rto_prepare
 .text.tcp_rexmit
                0x10007e84       0x9c CMakeFiles/ssd1306_tcp_test.dir/root/pico/pico-sdk/lib/lwip/src/core/tcp_out.c.o
                0x10007e84                tcp_rexmit
 .text.tcp_rexmit_fast
                0x10007f20       0x64 CMakeFiles/ssd1306_tcp_test.dir/root/pico/pico-sdk/lib/lwip/src/core/tcp_out.c.o
                0x10007f20                tcp_rexmit_fast
 .text.tcp_rst  0x10007f84       0xe8 CMakeFiles/ssd1306_tcp_test.dir/root/pico/pico-sdk/lib/lwip/src/core/tcp_out.c.o
                0x10007f84                tcp_rst
 .text.tcp_rst_netif
                0x1000806c      0x130 CMakeFiles/ssd1306_tcp_test.dir/root/pico/pico-sdk/lib/lwip/src/core/tcp_out.c.o
                0x1000806c                tcp_rst_netif
 .text.tcp_send_empty_ack
                0x1000819c       0x4c CMakeFiles/ssd1306_tcp_test.dir/root/pico/pico-sdk/lib/lwip/src/core/tcp_out.c.o
                0x1000819c                tcp_send_empty_ack
 .text.tcp_output
                0x100081e8      0x458 CMakeFiles/ssd1306_tcp_test.dir/root/pico/pico-sdk/lib/lwip/src/core/tcp_out.c.o
                0x100081e8                tcp_output
 .text.tcp_rexmit_rto_commit
                0x10008640       0x24 CMakeFiles/ssd1306_tcp_test.dir/root/pico/pico-sdk/lib/lwip/src/core/tcp_out.c.o
                0x10008640                tcp_rexmit_rto_commit
 .text.tcp_rexmit_rto
                0x10008664       0xa4 CMakeFiles/ssd1306_tcp_test.dir/root/pico/pico-sdk/lib/lwip/src/core/tcp_out.c.o
                0x10008664                tcp_rexmit_rto
 .text.tcp_keepalive
                0x10008708       0xdc CMakeFiles/ssd1306_tcp_test.dir/root/pico/pico-sdk/lib/lwip/src/core/tcp_out.c.o
                0x10008708                tcp_keepalive
 .text.tcp_zero_window_probe
                0x100087e4      0x110 CMakeFiles/ssd1306_tcp_test.dir/root/pico/pico-sdk/lib/lwip/src/core/tcp_out.c.o
                0x100087e4                tcp_zero_window_probe
 .text.tcpip_tcp_timer
                0x100088f4       0x78 CMakeFiles/ssd1306_tcp_test.dir/root/pico/pico-sdk/lib/lwip/src/core/timeouts.c.o
 .text.lwip_cyclic_timer
                0x1000896c       0x98 CMakeFiles/ssd1306_tcp_test.dir/root/pico/pico-sdk/lib/lwip/src/core/timeouts.c.o
 .text.tcp_timer_needed
                0x10008a04       0x7c CMakeFiles/ssd1306_tcp_test.dir/root/pico/pico-sdk/lib/lwip/src/core/timeouts.c.o
                0x10008a04                tcp_timer_needed
 .text.sys_timeouts_init
                0x10008a80       0x8c CMakeFiles/ssd1306_tcp_test.dir/root/pico/pico-sdk/lib/lwip/src/core/timeouts.c.o
                0x10008a80                sys_timeouts_init
 .text.sys_check_timeouts
                0x10008b0c       0x68 CMakeFiles/ssd1306_tcp_test.dir/root/pico/pico-sdk/lib/lwip/src/core/timeouts.c.o
                0x10008b0c                sys_check_timeouts
 .text.sys_timeouts_sleeptime
                0x10008b74       0x28 CMakeFiles/ssd1306_tcp_test.dir/root/pico/pico-sdk/lib/lwip/src/core/timeouts.c.o
                0x10008b74                sys_timeouts_sleeptime
 .text.udp_init
                0x10008b9c       0x20 CMakeFiles/ssd1306_tcp_test.dir/root/pico/pico-sdk/lib/lwip/src/core/udp.c.o
                0x10008b9c                udp_init
 .text.udp_input
                0x10008bbc      0x270 CMakeFiles/ssd1306_tcp_test.dir/root/pico/pico-sdk/lib/lwip/src/core/udp.c.o
                0x10008bbc                udp_input
 .text.udp_bind
                0x10008e2c      0x108 CMakeFiles/ssd1306_tcp_test.dir/root/pico/pico-sdk/lib/lwip/src/core/udp.c.o
                0x10008e2c                udp_bind
 .text.udp_sendto_if_src
                0x10008f34      0x130 CMakeFiles/ssd1306_tcp_test.dir/root/pico/pico-sdk/lib/lwip/src/core/udp.c.o
                0x10008f34                udp_sendto_if_src
 .text.udp_sendto_if
                0x10009064       0x48 CMakeFiles/ssd1306_tcp_test.dir/root/pico/pico-sdk/lib/lwip/src/core/udp.c.o
                0x10009064                udp_sendto_if
 .text.udp_sendto
                0x100090ac       0x78 CMakeFiles/ssd1306_tcp_test.dir/root/pico/pico-sdk/lib/lwip/src/core/udp.c.o
                0x100090ac                udp_sendto
 .text.udp_connect
                0x10009124       0x60 CMakeFiles/ssd1306_tcp_test.dir/root/pico/pico-sdk/lib/lwip/src/core/udp.c.o
                0x10009124                udp_connect
 .text.udp_recv
                0x10009184        0xc CMakeFiles/ssd1306_tcp_test.dir/root/pico/pico-sdk/lib/lwip/src/core/udp.c.o
                0x10009184                udp_recv
 .text.udp_remove
                0x10009190       0x3c CMakeFiles/ssd1306_tcp_test.dir/root/pico/pico-sdk/lib/lwip/src/core/udp.c.o
                0x10009190                udp_remove
 .text.udp_new  0x100091cc       0x1c CMakeFiles/ssd1306_tcp_test.dir/root/pico/pico-sdk/lib/lwip/src/core/udp.c.o
                0x100091cc                udp_new
 .text.udp_netif_ip_addr_changed
                0x100091e8       0x40 CMakeFiles/ssd1306_tcp_test.dir/root/pico/pico-sdk/lib/lwip/src/core/udp.c.o
                0x100091e8                udp_netif_ip_addr_changed
 .text.dhcp_create_msg
                0x10009228      0x164 CMakeFiles/ssd1306_tcp_test.dir/root/pico/pico-sdk/lib/lwip/src/core/ipv4/dhcp.c.o
 .text.dhcp_inc_pcb_refcount
                0x1000938c       0x6c CMakeFiles/ssd1306_tcp_test.dir/root/pico/pico-sdk/lib/lwip/src/core/ipv4/dhcp.c.o
 .text.dhcp_bind
                0x100093f8      0x138 CMakeFiles/ssd1306_tcp_test.dir/root/pico/pico-sdk/lib/lwip/src/core/ipv4/dhcp.c.o
 .text.dhcp_option_hostname.isra.0
                0x10009530       0x88 CMakeFiles/ssd1306_tcp_test.dir/root/pico/pico-sdk/lib/lwip/src/core/ipv4/dhcp.c.o
 .text.dhcp_handle_ack.isra.0
                0x100095b8       0xcc CMakeFiles/ssd1306_tcp_test.dir/root/pico/pico-sdk/lib/lwip/src/core/ipv4/dhcp.c.o
 .text.dhcp_reboot.isra.0
                0x10009684      0x178 CMakeFiles/ssd1306_tcp_test.dir/root/pico/pico-sdk/lib/lwip/src/core/ipv4/dhcp.c.o
 .text.dhcp_discover
                0x100097fc      0x140 CMakeFiles/ssd1306_tcp_test.dir/root/pico/pico-sdk/lib/lwip/src/core/ipv4/dhcp.c.o
 .text.dhcp_select.isra.0
                0x1000993c      0x1e0 CMakeFiles/ssd1306_tcp_test.dir/root/pico/pico-sdk/lib/lwip/src/core/ipv4/dhcp.c.o
 .text.dhcp_recv
                0x10009b1c      0x480 CMakeFiles/ssd1306_tcp_test.dir/root/pico/pico-sdk/lib/lwip/src/core/ipv4/dhcp.c.o
 .text.dhcp_set_struct
                0x10009f9c       0x44 CMakeFiles/ssd1306_tcp_test.dir/root/pico/pico-sdk/lib/lwip/src/core/ipv4/dhcp.c.o
                0x10009f9c                dhcp_set_struct
 .text.dhcp_network_changed_link_up
                0x10009fe0       0x40 CMakeFiles/ssd1306_tcp_test.dir/root/pico/pico-sdk/lib/lwip/src/core/ipv4/dhcp.c.o
                0x10009fe0                dhcp_network_changed_link_up
 .text.dhcp_renew
                0x1000a020      0x138 CMakeFiles/ssd1306_tcp_test.dir/root/pico/pico-sdk/lib/lwip/src/core/ipv4/dhcp.c.o
                0x1000a020                dhcp_renew
 .text.dhcp_release_and_stop
                0x1000a158      0x158 CMakeFiles/ssd1306_tcp_test.dir/root/pico/pico-sdk/lib/lwip/src/core/ipv4/dhcp.c.o
                0x1000a158                dhcp_release_and_stop
 .text.dhcp_start
                0x1000a2b0       0xb0 CMakeFiles/ssd1306_tcp_test.dir/root/pico/pico-sdk/lib/lwip/src/core/ipv4/dhcp.c.o
                0x1000a2b0                dhcp_start
 .text.dhcp_coarse_tmr
                0x1000a360      0x1d4 CMakeFiles/ssd1306_tcp_test.dir/root/pico/pico-sdk/lib/lwip/src/core/ipv4/dhcp.c.o
                0x1000a360                dhcp_coarse_tmr
 .text.dhcp_fine_tmr
                0x1000a534       0x78 CMakeFiles/ssd1306_tcp_test.dir/root/pico/pico-sdk/lib/lwip/src/core/ipv4/dhcp.c.o
                0x1000a534                dhcp_fine_tmr
 .text.dhcp_stop
                0x1000a5ac      0x158 CMakeFiles/ssd1306_tcp_test.dir/root/pico/pico-sdk/lib/lwip/src/core/ipv4/dhcp.c.o
                0x1000a5ac                dhcp_stop
 .text.etharp_find_entry
                0x1000a704      0x3f4 CMakeFiles/ssd1306_tcp_test.dir/root/pico/pico-sdk/lib/lwip/src/core/ipv4/etharp.c.o
 .text.etharp_raw
                0x1000aaf8       0xec CMakeFiles/ssd1306_tcp_test.dir/root/pico/pico-sdk/lib/lwip/src/core/ipv4/etharp.c.o
 .text.etharp_output_to_arp_index
                0x1000abe4       0xe4 CMakeFiles/ssd1306_tcp_test.dir/root/pico/pico-sdk/lib/lwip/src/core/ipv4/etharp.c.o
 .text.etharp_tmr
                0x1000acc8       0x94 CMakeFiles/ssd1306_tcp_test.dir/root/pico/pico-sdk/lib/lwip/src/core/ipv4/etharp.c.o
                0x1000acc8                etharp_tmr
 .text.etharp_cleanup_netif
                0x1000ad5c      0x188 CMakeFiles/ssd1306_tcp_test.dir/root/pico/pico-sdk/lib/lwip/src/core/ipv4/etharp.c.o
                0x1000ad5c                etharp_cleanup_netif
 .text.etharp_input
                0x1000aee4      0x1b8 CMakeFiles/ssd1306_tcp_test.dir/root/pico/pico-sdk/lib/lwip/src/core/ipv4/etharp.c.o
                0x1000aee4                etharp_input
 .text.etharp_query
                0x1000b09c      0x1b8 CMakeFiles/ssd1306_tcp_test.dir/root/pico/pico-sdk/lib/lwip/src/core/ipv4/etharp.c.o
                0x1000b09c                etharp_query
 .text.etharp_output
                0x1000b254      0x24c CMakeFiles/ssd1306_tcp_test.dir/root/pico/pico-sdk/lib/lwip/src/core/ipv4/etharp.c.o
                0x1000b254                etharp_output
 .text.etharp_request
                0x1000b4a0       0x2c CMakeFiles/ssd1306_tcp_test.dir/root/pico/pico-sdk/lib/lwip/src/core/ipv4/etharp.c.o
                0x1000b4a0                etharp_request
 .text.icmp_input
                0x1000b4cc      0x1ec CMakeFiles/ssd1306_tcp_test.dir/root/pico/pico-sdk/lib/lwip/src/core/ipv4/icmp.c.o
                0x1000b4cc                icmp_input
 .text.icmp_dest_unreach
                0x1000b6b8       0xcc CMakeFiles/ssd1306_tcp_test.dir/root/pico/pico-sdk/lib/lwip/src/core/ipv4/icmp.c.o
                0x1000b6b8                icmp_dest_unreach
 .text.icmp_time_exceeded
                0x1000b784       0xcc CMakeFiles/ssd1306_tcp_test.dir/root/pico/pico-sdk/lib/lwip/src/core/ipv4/icmp.c.o
                0x1000b784                icmp_time_exceeded
 .text.ip_reass_free_complete_datagram
                0x1000b850      0x11c CMakeFiles/ssd1306_tcp_test.dir/root/pico/pico-sdk/lib/lwip/src/core/ipv4/ip4_frag.c.o
 .text.ip_reass_remove_oldest_datagram
                0x1000b96c       0xd8 CMakeFiles/ssd1306_tcp_test.dir/root/pico/pico-sdk/lib/lwip/src/core/ipv4/ip4_frag.c.o
 .text.ip_reass_tmr
                0x1000ba44       0x38 CMakeFiles/ssd1306_tcp_test.dir/root/pico/pico-sdk/lib/lwip/src/core/ipv4/ip4_frag.c.o
                0x1000ba44                ip_reass_tmr
 .text.ip4_reass
                0x1000ba7c      0x538 CMakeFiles/ssd1306_tcp_test.dir/root/pico/pico-sdk/lib/lwip/src/core/ipv4/ip4_frag.c.o
                0x1000ba7c                ip4_reass
 .text.ip4_frag
                0x1000bfb4      0x184 CMakeFiles/ssd1306_tcp_test.dir/root/pico/pico-sdk/lib/lwip/src/core/ipv4/ip4_frag.c.o
                0x1000bfb4                ip4_frag
 .text.ip4_route
                0x1000c138       0x7c CMakeFiles/ssd1306_tcp_test.dir/root/pico/pico-sdk/lib/lwip/src/core/ipv4/ip4.c.o
                0x1000c138                ip4_route
 .text.ip4_input
                0x1000c1b4      0x300 CMakeFiles/ssd1306_tcp_test.dir/root/pico/pico-sdk/lib/lwip/src/core/ipv4/ip4.c.o
                0x1000c1b4                ip4_input
 .text.ip4_output_if
                0x1000c4b4      0x188 CMakeFiles/ssd1306_tcp_test.dir/root/pico/pico-sdk/lib/lwip/src/core/ipv4/ip4.c.o
                0x1000c4b4                ip4_output_if
 .text.ip4_output_if_src
                0x1000c63c      0x180 CMakeFiles/ssd1306_tcp_test.dir/root/pico/pico-sdk/lib/lwip/src/core/ipv4/ip4.c.o
                0x1000c63c                ip4_output_if_src
 .text.ip4_addr_isbroadcast_u32
                0x1000c7bc       0x3c CMakeFiles/ssd1306_tcp_test.dir/root/pico/pico-sdk/lib/lwip/src/core/ipv4/ip4_addr.c.o
                0x1000c7bc                ip4_addr_isbroadcast_u32
 .text.ip4addr_ntoa
                0x1000c7f8       0xec CMakeFiles/ssd1306_tcp_test.dir/root/pico/pico-sdk/lib/lwip/src/core/ipv4/ip4_addr.c.o
                0x1000c7f8                ip4addr_ntoa
 .text.ethernet_input
                0x1000c8e4       0xd0 CMakeFiles/ssd1306_tcp_test.dir/root/pico/pico-sdk/lib/lwip/src/netif/ethernet.c.o
                0x1000c8e4                ethernet_input
 .text.ethernet_output
                0x1000c9b4       0x6c CMakeFiles/ssd1306_tcp_test.dir/root/pico/pico-sdk/lib/lwip/src/netif/ethernet.c.o
                0x1000c9b4                ethernet_output
 .text.cyw43_arch_wifi_connect_bssid_until.part.0
                0x1000ca20       0xd8 CMakeFiles/ssd1306_tcp_test.dir/root/pico/pico-sdk/src/rp2_common/pico_cyw43_arch/cyw43_arch.c.o
 .text.cyw43_arch_set_async_context
                0x1000caf8        0xc CMakeFiles/ssd1306_tcp_test.dir/root/pico/pico-sdk/src/rp2_common/pico_cyw43_arch/cyw43_arch.c.o
                0x1000caf8                cyw43_arch_set_async_context
 .text.cyw43_arch_enable_sta_mode
                0x1000cb04       0x1c CMakeFiles/ssd1306_tcp_test.dir/root/pico/pico-sdk/src/rp2_common/pico_cyw43_arch/cyw43_arch.c.o
                0x1000cb04                cyw43_arch_enable_sta_mode
 .text.cyw43_arch_wifi_connect_timeout_ms
                0x1000cb20       0xa0 CMakeFiles/ssd1306_tcp_test.dir/root/pico/pico-sdk/src/rp2_common/pico_cyw43_arch/cyw43_arch.c.o
                0x1000cb20                cyw43_arch_wifi_connect_timeout_ms
 .text.cyw43_arch_async_context
                0x1000cbc0        0xc CMakeFiles/ssd1306_tcp_test.dir/root/pico/pico-sdk/src/rp2_common/pico_cyw43_arch/cyw43_arch.c.o
                0x1000cbc0                cyw43_arch_async_context
 .text.cyw43_arch_init
                0x1000cbcc       0x74 CMakeFiles/ssd1306_tcp_test.dir/root/pico/pico-sdk/src/rp2_common/pico_cyw43_arch/cyw43_arch_threadsafe_background.c.o
                0x1000cbcc                cyw43_arch_init
 .text.ns_delay.constprop.0
                0x1000cc40       0x20 CMakeFiles/ssd1306_tcp_test.dir/root/pico/pico-sdk/src/rp2_common/pico_cyw43_driver/cyw43_bus_pio_spi.c.o
 .text.cyw43_spi_deinit
                0x1000cc60       0x6c CMakeFiles/ssd1306_tcp_test.dir/root/pico/pico-sdk/src/rp2_common/pico_cyw43_driver/cyw43_bus_pio_spi.c.o
                0x1000cc60                cyw43_spi_deinit
 .text.cyw43_spi_init
                0x1000cccc      0x128 CMakeFiles/ssd1306_tcp_test.dir/root/pico/pico-sdk/src/rp2_common/pico_cyw43_driver/cyw43_bus_pio_spi.c.o
                0x1000cccc                cyw43_spi_init
 .text.cyw43_spi_transfer
                0x1000cdf4      0x420 CMakeFiles/ssd1306_tcp_test.dir/root/pico/pico-sdk/src/rp2_common/pico_cyw43_driver/cyw43_bus_pio_spi.c.o
                0x1000cdf4                cyw43_spi_transfer
 .text.cyw43_spi_gpio_setup
                0x1000d214       0x3c CMakeFiles/ssd1306_tcp_test.dir/root/pico/pico-sdk/src/rp2_common/pico_cyw43_driver/cyw43_bus_pio_spi.c.o
                0x1000d214                cyw43_spi_gpio_setup
 .text.cyw43_spi_reset
                0x1000d250       0x28 CMakeFiles/ssd1306_tcp_test.dir/root/pico/pico-sdk/src/rp2_common/pico_cyw43_driver/cyw43_bus_pio_spi.c.o
                0x1000d250                cyw43_spi_reset
 .text.read_reg_u32_swap
                0x1000d278       0x3c CMakeFiles/ssd1306_tcp_test.dir/root/pico/pico-sdk/src/rp2_common/pico_cyw43_driver/cyw43_bus_pio_spi.c.o
                0x1000d278                read_reg_u32_swap
 .text.cyw43_read_reg_u32
                0x1000d2b4       0x54 CMakeFiles/ssd1306_tcp_test.dir/root/pico/pico-sdk/src/rp2_common/pico_cyw43_driver/cyw43_bus_pio_spi.c.o
                0x1000d2b4                cyw43_read_reg_u32
 .text.cyw43_read_reg_u16
                0x1000d308       0x54 CMakeFiles/ssd1306_tcp_test.dir/root/pico/pico-sdk/src/rp2_common/pico_cyw43_driver/cyw43_bus_pio_spi.c.o
                0x1000d308                cyw43_read_reg_u16
 .text.cyw43_read_reg_u8
                0x1000d35c       0x54 CMakeFiles/ssd1306_tcp_test.dir/root/pico/pico-sdk/src/rp2_common/pico_cyw43_driver/cyw43_bus_pio_spi.c.o
                0x1000d35c                cyw43_read_reg_u8
 .text.write_reg_u32_swap
                0x1000d3b0      0x214 CMakeFiles/ssd1306_tcp_test.dir/root/pico/pico-sdk/src/rp2_common/pico_cyw43_driver/cyw43_bus_pio_spi.c.o
                0x1000d3b0                write_reg_u32_swap
 .text.cyw43_write_reg_u32
                0x1000d5c4      0x234 CMakeFiles/ssd1306_tcp_test.dir/root/pico/pico-sdk/src/rp2_common/pico_cyw43_driver/cyw43_bus_pio_spi.c.o
                0x1000d5c4                cyw43_write_reg_u32
 .text.cyw43_write_reg_u16
                0x1000d7f8      0x234 CMakeFiles/ssd1306_tcp_test.dir/root/pico/pico-sdk/src/rp2_common/pico_cyw43_driver/cyw43_bus_pio_spi.c.o
                0x1000d7f8                cyw43_write_reg_u16
 .text.cyw43_write_reg_u8
                0x1000da2c      0x234 CMakeFiles/ssd1306_tcp_test.dir/root/pico/pico-sdk/src/rp2_common/pico_cyw43_driver/cyw43_bus_pio_spi.c.o
                0x1000da2c                cyw43_write_reg_u8
 .text.cyw43_read_bytes
                0x1000dc60       0x78 CMakeFiles/ssd1306_tcp_test.dir/root/pico/pico-sdk/src/rp2_common/pico_cyw43_driver/cyw43_bus_pio_spi.c.o
                0x1000dc60                cyw43_read_bytes
 .text.cyw43_write_bytes
                0x1000dcd8       0xdc CMakeFiles/ssd1306_tcp_test.dir/root/pico/pico-sdk/src/rp2_common/pico_cyw43_driver/cyw43_bus_pio_spi.c.o
                0x1000dcd8                cyw43_write_bytes
 .text.cyw43_set_backplane_window
                0x1000ddb4       0x68 CMakeFiles/ssd1306_tcp_test.dir/root/pico/pico-sdk/lib/cyw43-driver/src/cyw43_ll.c.o
 .text.cyw43_ll_parse_async_event
                0x1000de1c      0x134 CMakeFiles/ssd1306_tcp_test.dir/root/pico/pico-sdk/lib/cyw43-driver/src/cyw43_ll.c.o
 .text.cyw43_kso_set
                0x1000df50       0x80 CMakeFiles/ssd1306_tcp_test.dir/root/pico/pico-sdk/lib/cyw43-driver/src/cyw43_ll.c.o
 .text.cyw43_ll_sdpcm_poll_device
                0x1000dfd0      0x234 CMakeFiles/ssd1306_tcp_test.dir/root/pico/pico-sdk/lib/cyw43-driver/src/cyw43_ll.c.o
 .text.cyw43_sdpcm_send_common
                0x1000e204       0xfc CMakeFiles/ssd1306_tcp_test.dir/root/pico/pico-sdk/lib/cyw43-driver/src/cyw43_ll.c.o
 .text.cyw43_do_ioctl.part.0
                0x1000e300       0xc4 CMakeFiles/ssd1306_tcp_test.dir/root/pico/pico-sdk/lib/cyw43-driver/src/cyw43_ll.c.o
 .text.cyw43_download_resource
                0x1000e3c4       0xd0 CMakeFiles/ssd1306_tcp_test.dir/root/pico/pico-sdk/lib/cyw43-driver/src/cyw43_ll.c.o
 .text.cyw43_write_iovar_u32.constprop.0
                0x1000e494       0xa0 CMakeFiles/ssd1306_tcp_test.dir/root/pico/pico-sdk/lib/cyw43-driver/src/cyw43_ll.c.o
 .text.cyw43_write_iovar_n
                0x1000e534       0x98 CMakeFiles/ssd1306_tcp_test.dir/root/pico/pico-sdk/lib/cyw43-driver/src/cyw43_ll.c.o
 .text.cyw43_write_iovar_u32_u32.constprop.0
                0x1000e5cc       0xb8 CMakeFiles/ssd1306_tcp_test.dir/root/pico/pico-sdk/lib/cyw43-driver/src/cyw43_ll.c.o
 .text.cyw43_read_backplane.constprop.0
                0x1000e684       0xe4 CMakeFiles/ssd1306_tcp_test.dir/root/pico/pico-sdk/lib/cyw43-driver/src/cyw43_ll.c.o
 .text.cyw43_write_backplane
                0x1000e768      0x10c CMakeFiles/ssd1306_tcp_test.dir/root/pico/pico-sdk/lib/cyw43-driver/src/cyw43_ll.c.o
 .text.reset_device_core.constprop.0
                0x1000e874      0x410 CMakeFiles/ssd1306_tcp_test.dir/root/pico/pico-sdk/lib/cyw43-driver/src/cyw43_ll.c.o
 .text.cyw43_ll_init
                0x1000ec84       0x1c CMakeFiles/ssd1306_tcp_test.dir/root/pico/pico-sdk/lib/cyw43-driver/src/cyw43_ll.c.o
                0x1000ec84                cyw43_ll_init
 .text.cyw43_ll_deinit
                0x1000eca0        0x8 CMakeFiles/ssd1306_tcp_test.dir/root/pico/pico-sdk/lib/cyw43-driver/src/cyw43_ll.c.o
                0x1000eca0                cyw43_ll_deinit
 .text.cyw43_ll_send_ethernet
                0x1000eca8       0x60 CMakeFiles/ssd1306_tcp_test.dir/root/pico/pico-sdk/lib/cyw43-driver/src/cyw43_ll.c.o
                0x1000eca8                cyw43_ll_send_ethernet
 .text.cyw43_ll_process_packets
                0x1000ed08       0x54 CMakeFiles/ssd1306_tcp_test.dir/root/pico/pico-sdk/lib/cyw43-driver/src/cyw43_ll.c.o
                0x1000ed08                cyw43_ll_process_packets
 .text.cyw43_ll_ioctl
                0x1000ed5c       0x80 CMakeFiles/ssd1306_tcp_test.dir/root/pico/pico-sdk/lib/cyw43-driver/src/cyw43_ll.c.o
                0x1000ed5c                cyw43_ll_ioctl
 .text.cyw43_ll_bus_sleep
                0x1000eddc       0x34 CMakeFiles/ssd1306_tcp_test.dir/root/pico/pico-sdk/lib/cyw43-driver/src/cyw43_ll.c.o
                0x1000eddc                cyw43_ll_bus_sleep
 .text.cyw43_ll_wifi_on
                0x1000ee10      0x218 CMakeFiles/ssd1306_tcp_test.dir/root/pico/pico-sdk/lib/cyw43-driver/src/cyw43_ll.c.o
                0x1000ee10                cyw43_ll_wifi_on
 .text.cyw43_ll_wifi_get_mac
                0x1000f028       0x7c CMakeFiles/ssd1306_tcp_test.dir/root/pico/pico-sdk/lib/cyw43-driver/src/cyw43_ll.c.o
                0x1000f028                cyw43_ll_wifi_get_mac
 .text.cyw43_ll_bus_init
                0x1000f0a4      0x930 CMakeFiles/ssd1306_tcp_test.dir/root/pico/pico-sdk/lib/cyw43-driver/src/cyw43_ll.c.o
                0x1000f0a4                cyw43_ll_bus_init
 .text.cyw43_ll_wifi_pm
                0x1000f9d4      0x13c CMakeFiles/ssd1306_tcp_test.dir/root/pico/pico-sdk/lib/cyw43-driver/src/cyw43_ll.c.o
                0x1000f9d4                cyw43_ll_wifi_pm
 .text.cyw43_ll_wifi_join
                0x1000fb10      0x514 CMakeFiles/ssd1306_tcp_test.dir/root/pico/pico-sdk/lib/cyw43-driver/src/cyw43_ll.c.o
                0x1000fb10                cyw43_ll_wifi_join
 .text.cyw43_ll_wifi_set_wpa_auth
                0x10010024       0x58 CMakeFiles/ssd1306_tcp_test.dir/root/pico/pico-sdk/lib/cyw43-driver/src/cyw43_ll.c.o
                0x10010024                cyw43_ll_wifi_set_wpa_auth
 .text.cyw43_ll_wifi_rejoin
                0x1001007c       0x58 CMakeFiles/ssd1306_tcp_test.dir/root/pico/pico-sdk/lib/cyw43-driver/src/cyw43_ll.c.o
                0x1001007c                cyw43_ll_wifi_rejoin
 .text.cyw43_ll_wifi_ap_init
                0x100100d4      0x538 CMakeFiles/ssd1306_tcp_test.dir/root/pico/pico-sdk/lib/cyw43-driver/src/cyw43_ll.c.o
                0x100100d4                cyw43_ll_wifi_ap_init
 .text.cyw43_ll_wifi_ap_set_up
                0x1001060c       0x7c CMakeFiles/ssd1306_tcp_test.dir/root/pico/pico-sdk/lib/cyw43-driver/src/cyw43_ll.c.o
                0x1001060c                cyw43_ll_wifi_ap_set_up
 .text.cyw43_ll_has_work
                0x10010688       0x14 CMakeFiles/ssd1306_tcp_test.dir/root/pico/pico-sdk/lib/cyw43-driver/src/cyw43_ll.c.o
                0x10010688                cyw43_ll_has_work
 .text.cyw43_netif_init
                0x1001069c       0x3c CMakeFiles/ssd1306_tcp_test.dir/root/pico/pico-sdk/lib/cyw43-driver/src/cyw43_lwip.c.o
 .text.cyw43_netif_output
                0x100106d8       0x34 CMakeFiles/ssd1306_tcp_test.dir/root/pico/pico-sdk/lib/cyw43-driver/src/cyw43_lwip.c.o
 .text.cyw43_cb_tcpip_init
                0x1001070c      0x104 CMakeFiles/ssd1306_tcp_test.dir/root/pico/pico-sdk/lib/cyw43-driver/src/cyw43_lwip.c.o
                0x1001070c                cyw43_cb_tcpip_init
 .text.cyw43_cb_tcpip_deinit
                0x10010810       0x4c CMakeFiles/ssd1306_tcp_test.dir/root/pico/pico-sdk/lib/cyw43-driver/src/cyw43_lwip.c.o
                0x10010810                cyw43_cb_tcpip_deinit
 .text.cyw43_cb_process_ethernet
                0x1001085c       0x6c CMakeFiles/ssd1306_tcp_test.dir/root/pico/pico-sdk/lib/cyw43-driver/src/cyw43_lwip.c.o
                0x1001085c                cyw43_cb_process_ethernet
 .text.cyw43_cb_tcpip_set_link_up
                0x100108c8       0x18 CMakeFiles/ssd1306_tcp_test.dir/root/pico/pico-sdk/lib/cyw43-driver/src/cyw43_lwip.c.o
                0x100108c8                cyw43_cb_tcpip_set_link_up
 .text.cyw43_cb_tcpip_set_link_down
                0x100108e0       0x18 CMakeFiles/ssd1306_tcp_test.dir/root/pico/pico-sdk/lib/cyw43-driver/src/cyw43_lwip.c.o
                0x100108e0                cyw43_cb_tcpip_set_link_down
 .text.cyw43_tcpip_link_status
                0x100108f8       0x34 CMakeFiles/ssd1306_tcp_test.dir/root/pico/pico-sdk/lib/cyw43-driver/src/cyw43_lwip.c.o
                0x100108f8                cyw43_tcpip_link_status
 .text.cyw43_poll_func
                0x1001092c       0xc0 CMakeFiles/ssd1306_tcp_test.dir/root/pico/pico-sdk/lib/cyw43-driver/src/cyw43_ctrl.c.o
 .text.cyw43_init
                0x100109ec       0x6c CMakeFiles/ssd1306_tcp_test.dir/root/pico/pico-sdk/lib/cyw43-driver/src/cyw43_ctrl.c.o
                0x100109ec                cyw43_init
 .text.cyw43_deinit
                0x10010a58       0x90 CMakeFiles/ssd1306_tcp_test.dir/root/pico/pico-sdk/lib/cyw43-driver/src/cyw43_ctrl.c.o
                0x10010a58                cyw43_deinit
 .text.cyw43_cb_read_host_interrupt_pin
                0x10010ae8        0xc CMakeFiles/ssd1306_tcp_test.dir/root/pico/pico-sdk/lib/cyw43-driver/src/cyw43_ctrl.c.o
                0x10010ae8                cyw43_cb_read_host_interrupt_pin
 .text.cyw43_cb_ensure_awake
                0x10010af4        0xc CMakeFiles/ssd1306_tcp_test.dir/root/pico/pico-sdk/lib/cyw43-driver/src/cyw43_ctrl.c.o
                0x10010af4                cyw43_cb_ensure_awake
 .text.cyw43_cb_process_async_event
                0x10010b00      0x21c CMakeFiles/ssd1306_tcp_test.dir/root/pico/pico-sdk/lib/cyw43-driver/src/cyw43_ctrl.c.o
                0x10010b00                cyw43_cb_process_async_event
 .text.cyw43_send_ethernet
                0x10010d1c       0xc0 CMakeFiles/ssd1306_tcp_test.dir/root/pico/pico-sdk/lib/cyw43-driver/src/cyw43_ctrl.c.o
                0x10010d1c                cyw43_send_ethernet
 .text.cyw43_wifi_get_mac
                0x10010ddc       0x10 CMakeFiles/ssd1306_tcp_test.dir/root/pico/pico-sdk/lib/cyw43-driver/src/cyw43_ctrl.c.o
                0x10010ddc                cyw43_wifi_get_mac
 .text.cyw43_wifi_set_up
                0x10010dec      0x350 CMakeFiles/ssd1306_tcp_test.dir/root/pico/pico-sdk/lib/cyw43-driver/src/cyw43_ctrl.c.o
                0x10010dec                cyw43_wifi_set_up
 .text.cyw43_wifi_link_status
                0x1001113c       0x3c CMakeFiles/ssd1306_tcp_test.dir/root/pico/pico-sdk/lib/cyw43-driver/src/cyw43_ctrl.c.o
                0x1001113c                cyw43_wifi_link_status
 .text.cyw43_wifi_join
                0x10011178       0xf4 CMakeFiles/ssd1306_tcp_test.dir/root/pico/pico-sdk/lib/cyw43-driver/src/cyw43_ctrl.c.o
                0x10011178                cyw43_wifi_join
 .text.pio_sm_set_pindirs_with_mask64
                0x1001126c       0xac CMakeFiles/ssd1306_tcp_test.dir/root/pico/pico-sdk/src/rp2_common/hardware_pio/pio.c.o
                0x1001126c                pio_sm_set_pindirs_with_mask64
 .text.pio_sm_set_consecutive_pindirs
                0x10011318       0xb4 CMakeFiles/ssd1306_tcp_test.dir/root/pico/pico-sdk/src/rp2_common/hardware_pio/pio.c.o
                0x10011318                pio_sm_set_consecutive_pindirs
 .text.pio_claim_free_sm_and_add_program_for_gpio_range
                0x100113cc      0x188 CMakeFiles/ssd1306_tcp_test.dir/root/pico/pico-sdk/src/rp2_common/hardware_pio/pio.c.o
                0x100113cc                pio_claim_free_sm_and_add_program_for_gpio_range
 .text.pio_remove_program_and_unclaim_sm
                0x10011554       0x40 CMakeFiles/ssd1306_tcp_test.dir/root/pico/pico-sdk/src/rp2_common/hardware_pio/pio.c.o
                0x10011554                pio_remove_program_and_unclaim_sm
 .text.dma_channel_unclaim
                0x10011594       0x14 CMakeFiles/ssd1306_tcp_test.dir/root/pico/pico-sdk/src/rp2_common/hardware_dma/dma.c.o
                0x10011594                dma_channel_unclaim
 .text.dma_claim_unused_channel
                0x100115a8       0x24 CMakeFiles/ssd1306_tcp_test.dir/root/pico/pico-sdk/src/rp2_common/hardware_dma/dma.c.o
                0x100115a8                dma_claim_unused_channel
 .text.dma_channel_cleanup
                0x100115cc       0x64 CMakeFiles/ssd1306_tcp_test.dir/root/pico/pico-sdk/src/rp2_common/hardware_dma/dma.c.o
                0x100115cc                dma_channel_cleanup
 .text.cyw43_sleep_timeout_reached
                0x10011630       0x10 CMakeFiles/ssd1306_tcp_test.dir/root/pico/pico-sdk/src/rp2_common/pico_cyw43_driver/cyw43_driver.c.o
 .text.cyw43_irq_init
                0x10011640       0x28 CMakeFiles/ssd1306_tcp_test.dir/root/pico/pico-sdk/src/rp2_common/pico_cyw43_driver/cyw43_driver.c.o
                0x10011640                cyw43_irq_init
 .text.cyw43_irq_deinit
                0x10011668       0x20 CMakeFiles/ssd1306_tcp_test.dir/root/pico/pico-sdk/src/rp2_common/pico_cyw43_driver/cyw43_driver.c.o
                0x10011668                cyw43_irq_deinit
 .text.cyw43_gpio_irq_handler
                0x10011688       0x44 CMakeFiles/ssd1306_tcp_test.dir/root/pico/pico-sdk/src/rp2_common/pico_cyw43_driver/cyw43_driver.c.o
 .text.cyw43_do_poll
                0x100116cc       0x70 CMakeFiles/ssd1306_tcp_test.dir/root/pico/pico-sdk/src/rp2_common/pico_cyw43_driver/cyw43_driver.c.o
 .text.cyw43_post_poll_hook
                0x1001173c       0x10 CMakeFiles/ssd1306_tcp_test.dir/root/pico/pico-sdk/src/rp2_common/pico_cyw43_driver/cyw43_driver.c.o
                0x1001173c                cyw43_post_poll_hook
 .text.cyw43_schedule_internal_poll_dispatch
                0x1001174c       0x18 CMakeFiles/ssd1306_tcp_test.dir/root/pico/pico-sdk/src/rp2_common/pico_cyw43_driver/cyw43_driver.c.o
                0x1001174c                cyw43_schedule_internal_poll_dispatch
 .text.cyw43_driver_init
                0x10011764       0x38 CMakeFiles/ssd1306_tcp_test.dir/root/pico/pico-sdk/src/rp2_common/pico_cyw43_driver/cyw43_driver.c.o
                0x10011764                cyw43_driver_init
 .text.cyw43_driver_deinit
                0x1001179c       0x44 CMakeFiles/ssd1306_tcp_test.dir/root/pico/pico-sdk/src/rp2_common/pico_cyw43_driver/cyw43_driver.c.o
                0x1001179c                cyw43_driver_deinit
 .text.cyw43_hal_generate_laa_mac
                0x100117e0       0x28 CMakeFiles/ssd1306_tcp_test.dir/root/pico/pico-sdk/src/rp2_common/pico_cyw43_driver/cyw43_driver.c.o
                0x100117e0                cyw43_hal_generate_laa_mac
 .text.cyw43_hal_get_mac
                0x10011808       0x14 CMakeFiles/ssd1306_tcp_test.dir/root/pico/pico-sdk/src/rp2_common/pico_cyw43_driver/cyw43_driver.c.o
                0x10011808                cyw43_hal_get_mac
 .text.cyw43_thread_enter
                0x1001181c       0x14 CMakeFiles/ssd1306_tcp_test.dir/root/pico/pico-sdk/src/rp2_common/pico_cyw43_driver/cyw43_driver.c.o
                0x1001181c                cyw43_thread_enter
 .text.cyw43_thread_exit
                0x10011830       0x14 CMakeFiles/ssd1306_tcp_test.dir/root/pico/pico-sdk/src/rp2_common/pico_cyw43_driver/cyw43_driver.c.o
                0x10011830                cyw43_thread_exit
 .text.cyw43_await_background_or_timeout_us
                0x10011844       0x68 CMakeFiles/ssd1306_tcp_test.dir/root/pico/pico-sdk/src/rp2_common/pico_cyw43_driver/cyw43_driver.c.o
                0x10011844                cyw43_await_background_or_timeout_us
 .text.cyw43_delay_ms
                0x100118ac       0x48 CMakeFiles/ssd1306_tcp_test.dir/root/pico/pico-sdk/src/rp2_common/pico_cyw43_driver/cyw43_driver.c.o
                0x100118ac                cyw43_delay_ms
 .text.cyw43_delay_us
                0x100118f4       0x34 CMakeFiles/ssd1306_tcp_test.dir/root/pico/pico-sdk/src/rp2_common/pico_cyw43_driver/cyw43_driver.c.o
                0x100118f4                cyw43_delay_us
 .text.async_context_threadsafe_background_acquire_lock_blocking
                0x10011928        0xc CMakeFiles/ssd1306_tcp_test.dir/root/pico/pico-sdk/src/rp2_common/pico_async_context/async_context_threadsafe_background.c.o
 .text.alarm_handler
                0x10011934       0x20 CMakeFiles/ssd1306_tcp_test.dir/root/pico/pico-sdk/src/rp2_common/pico_async_context/async_context_threadsafe_background.c.o
 .text.async_context_threadsafe_background_set_work_pending
                0x10011954       0x1c CMakeFiles/ssd1306_tcp_test.dir/root/pico/pico-sdk/src/rp2_common/pico_async_context/async_context_threadsafe_background.c.o
 .text.process_under_lock
                0x10011970       0xcc CMakeFiles/ssd1306_tcp_test.dir/root/pico/pico-sdk/src/rp2_common/pico_async_context/async_context_threadsafe_background.c.o
 .text.async_context_threadsafe_background_execute_sync
                0x10011a3c       0x30 CMakeFiles/ssd1306_tcp_test.dir/root/pico/pico-sdk/src/rp2_common/pico_async_context/async_context_threadsafe_background.c.o
                0x10011a3c                async_context_threadsafe_background_execute_sync
 .text.async_context_threadsafe_background_deinit
                0x10011a6c       0x54 CMakeFiles/ssd1306_tcp_test.dir/root/pico/pico-sdk/src/rp2_common/pico_async_context/async_context_threadsafe_background.c.o
 .text.low_priority_irq_handler
                0x10011ac0       0x3c CMakeFiles/ssd1306_tcp_test.dir/root/pico/pico-sdk/src/rp2_common/pico_async_context/async_context_threadsafe_background.c.o
 .text.async_context_threadsafe_background_wait_for_work_until
                0x10011afc        0xc CMakeFiles/ssd1306_tcp_test.dir/root/pico/pico-sdk/src/rp2_common/pico_async_context/async_context_threadsafe_background.c.o
 .text.async_context_threadsafe_background_wait_until
                0x10011b08       0x1c CMakeFiles/ssd1306_tcp_test.dir/root/pico/pico-sdk/src/rp2_common/pico_async_context/async_context_threadsafe_background.c.o
 .text.async_context_threadsafe_background_lock_check
                0x10011b24       0x28 CMakeFiles/ssd1306_tcp_test.dir/root/pico/pico-sdk/src/rp2_common/pico_async_context/async_context_threadsafe_background.c.o
 .text.async_context_threadsafe_background_release_lock
                0x10011b4c       0x1c CMakeFiles/ssd1306_tcp_test.dir/root/pico/pico-sdk/src/rp2_common/pico_async_context/async_context_threadsafe_background.c.o
 .text.async_context_threadsafe_background_add_at_time_worker
                0x10011b68       0x34 CMakeFiles/ssd1306_tcp_test.dir/root/pico/pico-sdk/src/rp2_common/pico_async_context/async_context_threadsafe_background.c.o
 .text.async_context_threadsafe_background_remove_at_time_worker
                0x10011b9c       0x34 CMakeFiles/ssd1306_tcp_test.dir/root/pico/pico-sdk/src/rp2_common/pico_async_context/async_context_threadsafe_background.c.o
 .text.async_context_threadsafe_background_add_when_pending_worker
                0x10011bd0       0x34 CMakeFiles/ssd1306_tcp_test.dir/root/pico/pico-sdk/src/rp2_common/pico_async_context/async_context_threadsafe_background.c.o
 .text.async_context_threadsafe_background_when_pending_worker
                0x10011c04       0x34 CMakeFiles/ssd1306_tcp_test.dir/root/pico/pico-sdk/src/rp2_common/pico_async_context/async_context_threadsafe_background.c.o
 .text.async_context_threadsafe_background_default_config
                0x10011c38        0xc CMakeFiles/ssd1306_tcp_test.dir/root/pico/pico-sdk/src/rp2_common/pico_async_context/async_context_threadsafe_background.c.o
                0x10011c38                async_context_threadsafe_background_default_config
 .text.async_context_threadsafe_background_init
                0x10011c44       0x8c CMakeFiles/ssd1306_tcp_test.dir/root/pico/pico-sdk/src/rp2_common/pico_async_context/async_context_threadsafe_background.c.o
                0x10011c44                async_context_threadsafe_background_init
 .text.first_per_core_initializer
                0x10011cd0        0x4 CMakeFiles/ssd1306_tcp_test.dir/root/pico/pico-sdk/src/rp2_common/pico_runtime/runtime.c.o
 .text.hard_assertion_failure
                0x10011cd4        0xc CMakeFiles/ssd1306_tcp_test.dir/root/pico/pico-sdk/src/rp2_common/pico_runtime/runtime.c.o
                0x10011cd4                hard_assertion_failure
 .text.runtime_run_initializers
                0x10011ce0       0x28 CMakeFiles/ssd1306_tcp_test.dir/root/pico/pico-sdk/src/rp2_common/pico_runtime/runtime.c.o
                0x10011ce0                runtime_run_initializers
 .text.runtime_init_early_resets
                0x10011d08       0x2c CMakeFiles/ssd1306_tcp_test.dir/root/pico/pico-sdk/src/rp2_common/pico_runtime_init/runtime_init.c.o
                0x10011d08                runtime_init_early_resets
 .text.runtime_init_usb_power_down
                0x10011d34       0x1c CMakeFiles/ssd1306_tcp_test.dir/root/pico/pico-sdk/src/rp2_common/pico_runtime_init/runtime_init.c.o
                0x10011d34                runtime_init_usb_power_down
 .text.runtime_init_post_clock_resets
                0x10011d50       0x20 CMakeFiles/ssd1306_tcp_test.dir/root/pico/pico-sdk/src/rp2_common/pico_runtime_init/runtime_init.c.o
                0x10011d50                runtime_init_post_clock_resets
 .text.runtime_init_rp2040_gpio_ie_disable
                0x10011d70       0x14 CMakeFiles/ssd1306_tcp_test.dir/root/pico/pico-sdk/src/rp2_common/pico_runtime_init/runtime_init.c.o
                0x10011d70                runtime_init_rp2040_gpio_ie_disable
 .text.runtime_init_spin_locks_reset
                0x10011d84        0x8 CMakeFiles/ssd1306_tcp_test.dir/root/pico/pico-sdk/src/rp2_common/pico_runtime_init/runtime_init.c.o
                0x10011d84                runtime_init_spin_locks_reset
 .text.runtime_init_install_ram_vector_table
                0x10011d8c       0x1c CMakeFiles/ssd1306_tcp_test.dir/root/pico/pico-sdk/src/rp2_common/pico_runtime_init/runtime_init.c.o
                0x10011d8c                runtime_init_install_ram_vector_table
 .text.runtime_init_clocks
                0x10011da8       0xd8 CMakeFiles/ssd1306_tcp_test.dir/root/pico/pico-sdk/src/rp2_common/pico_runtime_init/runtime_init_clocks.c.o
                0x10011da8                runtime_init_clocks
 .text          0x10011e80       0x10 CMakeFiles/ssd1306_tcp_test.dir/root/pico/pico-sdk/src/rp2_common/pico_bit_ops/bit_ops_aeabi.S.o
 .text.ctzsi    0x10011e90        0xc CMakeFiles/ssd1306_tcp_test.dir/root/pico/pico-sdk/src/rp2_common/pico_bit_ops/bit_ops_aeabi.S.o
                0x10011e90                __wrap___ctzsi2
 .text.__wrap___aeabi_idiv
                0x10011e9c       0x50 CMakeFiles/ssd1306_tcp_test.dir/root/pico/pico-sdk/src/rp2_common/pico_divider/divider_hardware.S.o
                0x10011e9c                __wrap___aeabi_idivmod
                0x10011e9c                divmod_s32s32
                0x10011e9c                div_s32s32
                0x10011e9c                __wrap___aeabi_idiv
                0x10011ea4                divmod_s32s32_unsafe
                0x10011ed0                divmod_s32s32_savestate
 .text.__wrap___aeabi_uidiv
                0x10011eec       0x4c CMakeFiles/ssd1306_tcp_test.dir/root/pico/pico-sdk/src/rp2_common/pico_divider/divider_hardware.S.o
                0x10011eec                __wrap___aeabi_uidiv
                0x10011eec                __wrap___aeabi_uidivmod
                0x10011eec                div_u32u32
                0x10011eec                divmod_u32u32
                0x10011ef4                divmod_u32u32_unsafe
                0x10011f1c                divmod_u32u32_savestate
 .text.__wrap___aeabi_ldiv
                0x10011f38      0x424 CMakeFiles/ssd1306_tcp_test.dir/root/pico/pico-sdk/src/rp2_common/pico_divider/divider_hardware.S.o
                0x10011f38                div_s64s64
                0x10011f38                divmod_s64s64
                0x10011f38                __wrap___aeabi_ldivmod
                0x10011f68                div_u64u64
                0x10011f68                divmod_u64u64
                0x10011f68                __wrap___aeabi_uldivmod
                0x10011f78                divmod_u64u64_savestate
                0x10011f98                divmod_s64s64_unsafe
                0x10012020                divmod_u64u64_unsafe
 .text.__wrap___aeabi_darithmetic
                0x1001235c       0x60 CMakeFiles/ssd1306_tcp_test.dir/root/pico/pico-sdk/src/rp2_common/pico_double/double_aeabi_rp2040.S.o
                0x1001235c                __wrap___aeabi_drsub
                0x10012362                __wrap___aeabi_dsub
                0x1001236c                __wrap___aeabi_dadd
                0x10012376                __wrap___aeabi_ddiv
                0x100123aa                __wrap___aeabi_dmul
 .text.__wrap___aeabi_cdcmple
                0x100123bc       0x6c CMakeFiles/ssd1306_tcp_test.dir/root/pico/pico-sdk/src/rp2_common/pico_double/double_aeabi_rp2040.S.o
                0x100123bc                __wrap___aeabi_cdrcmple
                0x100123cc                __wrap___aeabi_cdcmple
                0x100123cc                __wrap___aeabi_cdcmpeq
 .text.__wrap___aeabi_dcmplt
                0x10012428        0xc CMakeFiles/ssd1306_tcp_test.dir/root/pico/pico-sdk/src/rp2_common/pico_double/double_aeabi_rp2040.S.o
                0x10012428                __wrap___aeabi_dcmplt
 .text.__wrap___aeabi_dcmpge
                0x10012434       0x10 CMakeFiles/ssd1306_tcp_test.dir/root/pico/pico-sdk/src/rp2_common/pico_double/double_aeabi_rp2040.S.o
                0x10012434                __wrap___aeabi_dcmpge
 .text.__wrap___aeabi_dcmpgt
                0x10012444        0xa CMakeFiles/ssd1306_tcp_test.dir/root/pico/pico-sdk/src/rp2_common/pico_double/double_aeabi_rp2040.S.o
                0x10012444                __wrap___aeabi_dcmpgt
 .text.__wrap___aeabi_dcmpun
                0x1001244e       0x18 CMakeFiles/ssd1306_tcp_test.dir/root/pico/pico-sdk/src/rp2_common/pico_double/double_aeabi_rp2040.S.o
                0x1001244e                __wrap___aeabi_dcmpun
 *fill*         0x10012466        0x2 
 .text.__wrap___aeabi_i2d
                0x10012468       0x38 CMakeFiles/ssd1306_tcp_test.dir/root/pico/pico-sdk/src/rp2_common/pico_double/double_aeabi_rp2040.S.o
                0x10012468                __wrap___aeabi_ui2d
                0x10012468                uint2double
                0x10012470                __wrap___aeabi_i2d
                0x10012470                int2double
 .text.__wrap___aeabi_d2iz
                0x100124a0       0x48 CMakeFiles/ssd1306_tcp_test.dir/root/pico/pico-sdk/src/rp2_common/pico_double/double_aeabi_rp2040.S.o
                0x100124a0                __wrap___aeabi_d2iz
                0x100124a0                double2int_z
 .text.__wrap___aeabi_d2uiz
                0x100124e8       0x10 CMakeFiles/ssd1306_tcp_test.dir/root/pico/pico-sdk/src/rp2_common/pico_double/double_aeabi_rp2040.S.o
                0x100124e8                double2uint_z
                0x100124e8                double2uint
                0x100124e8                __wrap___aeabi_d2uiz
 .text.missing_double_func_shim
                0x100124f8        0xc CMakeFiles/ssd1306_tcp_test.dir/root/pico/pico-sdk/src/rp2_common/pico_double/double_init_rom_rp2040.c.o
 .text.__aeabi_double_init
                0x10012504       0xa0 CMakeFiles/ssd1306_tcp_test.dir/root/pico/pico-sdk/src/rp2_common/pico_double/double_init_rom_rp2040.c.o
                0x10012504                __aeabi_double_init
 .text.double_table_shim_on_use_helper
                0x100125a4       0x2c CMakeFiles/ssd1306_tcp_test.dir/root/pico/pico-sdk/src/rp2_common/pico_double/double_v1_rom_shim_rp2040.S.o
                0x100125a4                double_table_shim_on_use_helper
 .text.__aeabi_lmul
                0x100125d0       0x32 CMakeFiles/ssd1306_tcp_test.dir/root/pico/pico-sdk/src/rp2_common/pico_int64_ops/pico_int64_ops_aeabi.S.o
                0x100125d0                __wrap___aeabi_lmul
 *fill*         0x10012602        0x2 
 .text.missing_float_func_shim
                0x10012604        0xc CMakeFiles/ssd1306_tcp_test.dir/root/pico/pico-sdk/src/rp2_common/pico_float/float_init_rom_rp2040.c.o
 .text.__aeabi_float_init
                0x10012610       0x5c CMakeFiles/ssd1306_tcp_test.dir/root/pico/pico-sdk/src/rp2_common/pico_float/float_init_rom_rp2040.c.o
                0x10012610                __aeabi_float_init
 .text.__wrap_malloc
                0x1001266c       0x24 CMakeFiles/ssd1306_tcp_test.dir/root/pico/pico-sdk/src/rp2_common/pico_malloc/malloc.c.o
                0x1001266c                __wrap_malloc
 .text.__wrap_calloc
                0x10012690       0x28 CMakeFiles/ssd1306_tcp_test.dir/root/pico/pico-sdk/src/rp2_common/pico_malloc/malloc.c.o
                0x10012690                __wrap_calloc
 .text          0x100126b8       0x10 CMakeFiles/ssd1306_tcp_test.dir/root/pico/pico-sdk/src/rp2_common/pico_mem_ops/mem_ops_aeabi.S.o
                0x100126b8                __aeabi_mem_init
 .text.memset   0x100126c8        0xc CMakeFiles/ssd1306_tcp_test.dir/root/pico/pico-sdk/src/rp2_common/pico_mem_ops/mem_ops_aeabi.S.o
                0x100126c8                __wrap_memset
 .text.memcpy   0x100126d4        0xc CMakeFiles/ssd1306_tcp_test.dir/root/pico/pico-sdk/src/rp2_common/pico_mem_ops/mem_ops_aeabi.S.o
                0x100126d4                __wrap___aeabi_memcpy
                0x100126d4                __wrap_memcpy
 .text._out_null
                0x100126e0        0x4 CMakeFiles/ssd1306_tcp_test.dir/root/pico/pico-sdk/src/rp2_common/pico_printf/printf.c.o
 .text._out_rev
                0x100126e4       0x90 CMakeFiles/ssd1306_tcp_test.dir/root/pico/pico-sdk/src/rp2_common/pico_printf/printf.c.o
 .text._ntoa_format
                0x10012774      0x1f4 CMakeFiles/ssd1306_tcp_test.dir/root/pico/pico-sdk/src/rp2_common/pico_printf/printf.c.o
 .text._out_char
                0x10012968       0x10 CMakeFiles/ssd1306_tcp_test.dir/root/pico/pico-sdk/src/rp2_common/pico_printf/printf.c.o
 .text._out_fct
                0x10012978       0x10 CMakeFiles/ssd1306_tcp_test.dir/root/pico/pico-sdk/src/rp2_common/pico_printf/printf.c.o
 .text._etoa    0x10012988      0x454 CMakeFiles/ssd1306_tcp_test.dir/root/pico/pico-sdk/src/rp2_common/pico_printf/printf.c.o
 .text._ftoa    0x10012ddc      0x3c4 CMakeFiles/ssd1306_tcp_test.dir/root/pico/pico-sdk/src/rp2_common/pico_printf/printf.c.o
 .text._vsnprintf
                0x100131a0      0xb24 CMakeFiles/ssd1306_tcp_test.dir/root/pico/pico-sdk/src/rp2_common/pico_printf/printf.c.o
 .text.vfctprintf
                0x10013cc4       0x20 CMakeFiles/ssd1306_tcp_test.dir/root/pico/pico-sdk/src/rp2_common/pico_printf/printf.c.o
                0x10013cc4                vfctprintf
 .text.weak_raw_vprintf
                0x10013ce4       0x30 CMakeFiles/ssd1306_tcp_test.dir/root/pico/pico-sdk/src/rp2_common/pico_printf/printf.c.o
                0x10013ce4                weak_raw_vprintf
 .text._exit    0x10013d14        0x4 CMakeFiles/ssd1306_tcp_test.dir/root/pico/pico-sdk/src/rp2_common/pico_clib_interface/newlib_interface.c.o
                0x10013d14                _exit
 .text._sbrk    0x10013d18       0x34 CMakeFiles/ssd1306_tcp_test.dir/root/pico/pico-sdk/src/rp2_common/pico_clib_interface/newlib_interface.c.o
                0x10013d18                _sbrk
 .text.exit     0x10013d4c        0x8 CMakeFiles/ssd1306_tcp_test.dir/root/pico/pico-sdk/src/rp2_common/pico_clib_interface/newlib_interface.c.o
                0x10013d4c                exit
 .text.runtime_init
                0x10013d54       0x2c CMakeFiles/ssd1306_tcp_test.dir/root/pico/pico-sdk/src/rp2_common/pico_clib_interface/newlib_interface.c.o
                0x10013d54                runtime_init
 .text.stdio_out_chars_no_crlf
                0x10013d80       0x10 CMakeFiles/ssd1306_tcp_test.dir/root/pico/pico-sdk/src/rp2_common/pico_stdio/stdio.c.o
 .text.stdio_out_chars_crlf
                0x10013d90       0xbc CMakeFiles/ssd1306_tcp_test.dir/root/pico/pico-sdk/src/rp2_common/pico_stdio/stdio.c.o
 .text.stdio_buffered_printer
                0x10013e4c       0x64 CMakeFiles/ssd1306_tcp_test.dir/root/pico/pico-sdk/src/rp2_common/pico_stdio/stdio.c.o
 .text.stdio_put_string
                0x10013eb0      0x100 CMakeFiles/ssd1306_tcp_test.dir/root/pico/pico-sdk/src/rp2_common/pico_stdio/stdio.c.o
                0x10013eb0                stdio_put_string
 .text.stdio_set_driver_enabled
                0x10013fb0       0x30 CMakeFiles/ssd1306_tcp_test.dir/root/pico/pico-sdk/src/rp2_common/pico_stdio/stdio.c.o
                0x10013fb0                stdio_set_driver_enabled
 .text.stdio_init_all
                0x10013fe0        0x8 CMakeFiles/ssd1306_tcp_test.dir/root/pico/pico-sdk/src/rp2_common/pico_stdio/stdio.c.o
                0x10013fe0                stdio_init_all
 .text.__wrap_putchar
                0x10013fe8       0x98 CMakeFiles/ssd1306_tcp_test.dir/root/pico/pico-sdk/src/rp2_common/pico_stdio/stdio.c.o
                0x10013fe8                stdio_putchar
                0x10013fe8                __wrap_putchar
 .text.__wrap_puts
                0x10014080       0x3c CMakeFiles/ssd1306_tcp_test.dir/root/pico/pico-sdk/src/rp2_common/pico_stdio/stdio.c.o
                0x10014080                __wrap_puts
                0x10014080                stdio_puts
 .text.__wrap_vprintf
                0x100140bc       0xd4 CMakeFiles/ssd1306_tcp_test.dir/root/pico/pico-sdk/src/rp2_common/pico_stdio/stdio.c.o
                0x100140bc                __wrap_vprintf
                0x100140bc                stdio_vprintf
 .text.__wrap_printf
                0x10014190       0x18 CMakeFiles/ssd1306_tcp_test.dir/root/pico/pico-sdk/src/rp2_common/pico_stdio/stdio.c.o
                0x10014190                stdio_printf
                0x10014190                __wrap_printf
 .text.resetd_init
                0x100141a8        0x4 CMakeFiles/ssd1306_tcp_test.dir/root/pico/pico-sdk/src/rp2_common/pico_stdio_usb/reset_interface.c.o
 .text.resetd_reset
                0x100141ac        0xc CMakeFiles/ssd1306_tcp_test.dir/root/pico/pico-sdk/src/rp2_common/pico_stdio_usb/reset_interface.c.o
 .text.resetd_open
                0x100141b8       0x28 CMakeFiles/ssd1306_tcp_test.dir/root/pico/pico-sdk/src/rp2_common/pico_stdio_usb/reset_interface.c.o
 .text.resetd_xfer_cb
                0x100141e0        0x4 CMakeFiles/ssd1306_tcp_test.dir/root/pico/pico-sdk/src/rp2_common/pico_stdio_usb/reset_interface.c.o
 .text.resetd_control_xfer_cb
                0x100141e4       0x5c CMakeFiles/ssd1306_tcp_test.dir/root/pico/pico-sdk/src/rp2_common/pico_stdio_usb/reset_interface.c.o
 .text.tud_descriptor_bos_cb
                0x10014240        0x8 CMakeFiles/ssd1306_tcp_test.dir/root/pico/pico-sdk/src/rp2_common/pico_stdio_usb/reset_interface.c.o
                0x10014240                tud_descriptor_bos_cb
 .text.tud_vendor_control_xfer_cb
                0x10014248       0x34 CMakeFiles/ssd1306_tcp_test.dir/root/pico/pico-sdk/src/rp2_common/pico_stdio_usb/reset_interface.c.o
                0x10014248                tud_vendor_control_xfer_cb
 .text.usbd_app_driver_get_cb
                0x1001427c        0xc CMakeFiles/ssd1306_tcp_test.dir/root/pico/pico-sdk/src/rp2_common/pico_stdio_usb/reset_interface.c.o
                0x1001427c                usbd_app_driver_get_cb
 .text.tud_cdc_line_coding_cb
                0x10014288       0x2c CMakeFiles/ssd1306_tcp_test.dir/root/pico/pico-sdk/src/rp2_common/pico_stdio_usb/reset_interface.c.o
                0x10014288                tud_cdc_line_coding_cb
 .text.stdio_usb_set_chars_available_callback